Component: ARM Compiler 5.06 update 6 (build 750) Tool: armlink [4d35ed]

==============================================================================

Section Cross References

    startup_stm32f103xe.o(RESET) refers to startup_stm32f103xe.o(STACK) for __initial_sp
    startup_stm32f103xe.o(RESET) refers to startup_stm32f103xe.o(.text) for Reset_Handler
    startup_stm32f103xe.o(RESET) refers to stm32f1xx_it.o(i.NMI_Handler) for NMI_Handler
    startup_stm32f103xe.o(RESET) refers to stm32f1xx_it.o(i.HardFault_Handler) for HardFault_Handler
    startup_stm32f103xe.o(RESET) refers to stm32f1xx_it.o(i.MemManage_Handler) for MemManage_Handler
    startup_stm32f103xe.o(RESET) refers to stm32f1xx_it.o(i.BusFault_Handler) for BusFault_Handler
    startup_stm32f103xe.o(RESET) refers to stm32f1xx_it.o(i.UsageFault_Handler) for UsageFault_Handler
    startup_stm32f103xe.o(RESET) refers to stm32f1xx_it.o(i.SVC_Handler) for SVC_Handler
    startup_stm32f103xe.o(RESET) refers to stm32f1xx_it.o(i.DebugMon_Handler) for DebugMon_Handler
    startup_stm32f103xe.o(RESET) refers to stm32f1xx_it.o(i.PendSV_Handler) for PendSV_Handler
    startup_stm32f103xe.o(RESET) refers to stm32f1xx_it.o(i.SysTick_Handler) for SysTick_Handler
    startup_stm32f103xe.o(RESET) refers to gpio-board.o(i.EXTI0_IRQHandler) for EXTI0_IRQHandler
    startup_stm32f103xe.o(RESET) refers to gpio-board.o(i.EXTI1_IRQHandler) for EXTI1_IRQHandler
    startup_stm32f103xe.o(RESET) refers to gpio-board.o(i.EXTI2_IRQHandler) for EXTI2_IRQHandler
    startup_stm32f103xe.o(RESET) refers to gpio-board.o(i.EXTI3_IRQHandler) for EXTI3_IRQHandler
    startup_stm32f103xe.o(RESET) refers to gpio-board.o(i.EXTI4_IRQHandler) for EXTI4_IRQHandler
    startup_stm32f103xe.o(RESET) refers to gpio-board.o(i.EXTI9_5_IRQHandler) for EXTI9_5_IRQHandler
    startup_stm32f103xe.o(RESET) refers to gpio-board.o(i.EXTI15_10_IRQHandler) for EXTI15_10_IRQHandler
    startup_stm32f103xe.o(RESET) refers to rtc-board.o(i.RTC_Alarm_IRQHandler) for RTC_Alarm_IRQHandler
    startup_stm32f103xe.o(.text) refers to system_stm32f1xx.o(i.SystemInit) for SystemInit
    startup_stm32f103xe.o(.text) refers to entry.o(.ARM.Collect$$$$00000000) for __main
    stm32f1xx_hal_spi.o(i.HAL_SPI_Abort) refers to stm32f1xx_hal_dma.o(i.HAL_DMA_Abort) for HAL_DMA_Abort
    stm32f1xx_hal_spi.o(i.HAL_SPI_Abort) refers to system_stm32f1xx.o(.data) for SystemCoreClock
    stm32f1xx_hal_spi.o(i.HAL_SPI_Abort) refers to stm32f1xx_hal_spi.o(i.SPI_AbortTx_ISR) for SPI_AbortTx_ISR
    stm32f1xx_hal_spi.o(i.HAL_SPI_Abort) refers to stm32f1xx_hal_spi.o(i.SPI_AbortRx_ISR) for SPI_AbortRx_ISR
    stm32f1xx_hal_spi.o(i.HAL_SPI_Abort_IT) refers to stm32f1xx_hal_dma.o(i.HAL_DMA_Abort_IT) for HAL_DMA_Abort_IT
    stm32f1xx_hal_spi.o(i.HAL_SPI_Abort_IT) refers to stm32f1xx_hal_spi.o(i.HAL_SPI_AbortCpltCallback) for HAL_SPI_AbortCpltCallback
    stm32f1xx_hal_spi.o(i.HAL_SPI_Abort_IT) refers to stm32f1xx_hal_spi.o(i.SPI_AbortTx_ISR) for SPI_AbortTx_ISR
    stm32f1xx_hal_spi.o(i.HAL_SPI_Abort_IT) refers to stm32f1xx_hal_spi.o(i.SPI_AbortRx_ISR) for SPI_AbortRx_ISR
    stm32f1xx_hal_spi.o(i.HAL_SPI_Abort_IT) refers to stm32f1xx_hal_spi.o(i.SPI_DMATxAbortCallback) for SPI_DMATxAbortCallback
    stm32f1xx_hal_spi.o(i.HAL_SPI_Abort_IT) refers to stm32f1xx_hal_spi.o(i.SPI_DMARxAbortCallback) for SPI_DMARxAbortCallback
    stm32f1xx_hal_spi.o(i.HAL_SPI_DMAStop) refers to stm32f1xx_hal_dma.o(i.HAL_DMA_Abort) for HAL_DMA_Abort
    stm32f1xx_hal_spi.o(i.HAL_SPI_DeInit) refers to stm32f1xx_hal_msp.o(i.HAL_SPI_MspDeInit) for HAL_SPI_MspDeInit
    stm32f1xx_hal_spi.o(i.HAL_SPI_IRQHandler) refers to stm32f1xx_hal_dma.o(i.HAL_DMA_Abort_IT) for HAL_DMA_Abort_IT
    stm32f1xx_hal_spi.o(i.HAL_SPI_IRQHandler) refers to stm32f1xx_hal_spi.o(i.HAL_SPI_ErrorCallback) for HAL_SPI_ErrorCallback
    stm32f1xx_hal_spi.o(i.HAL_SPI_IRQHandler) refers to stm32f1xx_hal_spi.o(i.SPI_DMAAbortOnError) for SPI_DMAAbortOnError
    stm32f1xx_hal_spi.o(i.HAL_SPI_Init) refers to stm32f1xx_hal_msp.o(i.HAL_SPI_MspInit) for HAL_SPI_MspInit
    stm32f1xx_hal_spi.o(i.HAL_SPI_Receive) refers to stm32f1xx_hal.o(i.HAL_GetTick) for HAL_GetTick
    stm32f1xx_hal_spi.o(i.HAL_SPI_Receive) refers to stm32f1xx_hal_spi.o(i.HAL_SPI_TransmitReceive) for HAL_SPI_TransmitReceive
    stm32f1xx_hal_spi.o(i.HAL_SPI_Receive_DMA) refers to stm32f1xx_hal_spi.o(i.HAL_SPI_TransmitReceive_DMA) for HAL_SPI_TransmitReceive_DMA
    stm32f1xx_hal_spi.o(i.HAL_SPI_Receive_DMA) refers to stm32f1xx_hal_dma.o(i.HAL_DMA_Start_IT) for HAL_DMA_Start_IT
    stm32f1xx_hal_spi.o(i.HAL_SPI_Receive_DMA) refers to stm32f1xx_hal_spi.o(i.SPI_DMAHalfReceiveCplt) for SPI_DMAHalfReceiveCplt
    stm32f1xx_hal_spi.o(i.HAL_SPI_Receive_DMA) refers to stm32f1xx_hal_spi.o(i.SPI_DMAReceiveCplt) for SPI_DMAReceiveCplt
    stm32f1xx_hal_spi.o(i.HAL_SPI_Receive_DMA) refers to stm32f1xx_hal_spi.o(i.SPI_DMAError) for SPI_DMAError
[...]
    Removing regionas923.o(i.RegionAS923SetBandTxDone), (36 bytes).
    Removing regionas923.o(i.RegionAS923SetContinuousWave), (80 bytes).
    Removing regionas923.o(i.RegionAS923TxConfig), (232 bytes).
    Removing regionas923.o(i.RegionAS923TxParamSetupReq), (4 bytes).
    Removing regionas923.o(i.RegionAS923Verify), (74 bytes).
    Removing regionas923.o(i.VerifyTxFreq), (48 bytes).
    Removing regionas923.o(.bss), (192 bytes).
    Removing regionas923.o(.constdata), (96 bytes).
    Removing regionas923.o(.data), (20 bytes).
    Removing regionau915.o(i.CountNbOfEnabledChannels), (150 bytes).
    Removing regionau915.o(i.GetBandwidth), (44 bytes).
    Removing regionau915.o(i.RegionAU915AdrNext), (136 bytes).
    Removing regionau915.o(i.RegionAU915AlternateDr), (32 bytes).
    Removing regionau915.o(i.RegionAU915ApplyCFList), (2 bytes).
    Removing regionau915.o(i.RegionAU915ApplyDrOffset), (28 bytes).
    Removing regionau915.o(i.RegionAU915CalcBackOff), (64 bytes).
    Removing regionau915.o(i.RegionAU915ChanMaskSet), (96 bytes).
    Removing regionau915.o(i.RegionAU915ChannelAdd), (4 bytes).
    Removing regionau915.o(i.RegionAU915ChannelsRemove), (4 bytes).
    Removing regionau915.o(i.RegionAU915ComputeRxWindowParameters), (92 bytes).
    Removing regionau915.o(i.RegionAU915DlChannelReq), (4 bytes).
    Removing regionau915.o(i.RegionAU915GetPhyParam), (200 bytes).
    Removing regionau915.o(i.RegionAU915InitDefaults), (212 bytes).
    Removing regionau915.o(i.RegionAU915LinkAdrReq), (392 bytes).
    Removing regionau915.o(i.RegionAU915NewChannelReq), (4 bytes).
    Removing regionau915.o(i.RegionAU915NextChannel), (216 bytes).
    Removing regionau915.o(i.RegionAU915RxConfig), (168 bytes).
    Removing regionau915.o(i.RegionAU915RxParamSetupReq), (124 bytes).
    Removing regionau915.o(i.RegionAU915SetBandTxDone), (36 bytes).
    Removing regionau915.o(i.RegionAU915SetContinuousWave), (80 bytes).
    Removing regionau915.o(i.RegionAU915TxConfig), (176 bytes).
    Removing regionau915.o(i.RegionAU915TxParamSetupReq), (6 bytes).
    Removing regionau915.o(i.RegionAU915Verify), (60 bytes).
    Removing regionau915.o(.bss), (900 bytes).
    Removing regionau915.o(.constdata), (154 bytes).
    Removing regionau915.o(.data), (20 bytes).
    Removing regioncn470.o(i.CountNbOfEnabledChannels), (150 bytes).
    Removing regioncn470.o(i.RegionCN470AdrNext), (132 bytes).
    Removing regioncn470.o(i.RegionCN470AlternateDr), (2 bytes).
    Removing regioncn470.o(i.RegionCN470ApplyCFList), (2 bytes).
    Removing regioncn470.o(i.RegionCN470ApplyDrOffset), (14 bytes).
    Removing regioncn470.o(i.RegionCN470CalcBackOff), (64 bytes).
    Removing regioncn470.o(i.RegionCN470ChanMaskSet), (44 bytes).
    Removing regioncn470.o(i.RegionCN470ChannelAdd), (4 bytes).
    Removing regioncn470.o(i.RegionCN470ChannelsRemove), (4 bytes).
    Removing regioncn470.o(i.RegionCN470ComputeRxWindowParameters), (116 bytes).
    Removing regioncn470.o(i.RegionCN470DlChannelReq), (4 bytes).
    Removing regioncn470.o(i.RegionCN470GetPhyParam), (192 bytes).
    Removing regioncn470.o(i.RegionCN470InitDefaults), (108 bytes).
    Removing regioncn470.o(i.RegionCN470LinkAdrReq), (344 bytes).
    Removing regioncn470.o(i.RegionCN470NewChannelReq), (4 bytes).
    Removing regioncn470.o(i.RegionCN470NextChannel), (188 bytes).
    Removing regioncn470.o(i.RegionCN470RxConfig), (172 bytes).
    Removing regioncn470.o(i.RegionCN470RxParamSetupReq), (108 bytes).
    Removing regioncn470.o(i.RegionCN470SetBandTxDone), (36 bytes).
    Removing regioncn470.o(i.RegionCN470SetContinuousWave), (80 bytes).
    Removing regioncn470.o(i.RegionCN470TxConfig), (172 bytes).
    Removing regioncn470.o(i.RegionCN470TxParamSetupReq), (6 bytes).
    Removing regioncn470.o(i.RegionCN470Verify), (50 bytes).
    Removing regioncn470.o(.bss), (1176 bytes).
    Removing regioncn470.o(.constdata), (44 bytes).
    Removing regioncn470.o(.data), (16 bytes).
    Removing regioncn779.o(i.CountNbOfEnabledChannels), (158 bytes).
    Removing regioncn779.o(i.GetBandwidth), (44 bytes).
    Removing regioncn779.o(i.RegionCN779AdrNext), (124 bytes).
    Removing regioncn779.o(i.RegionCN779AlternateDr), (2 bytes).
    Removing regioncn779.o(i.RegionCN779ApplyCFList), (118 bytes).
    Removing regioncn779.o(i.RegionCN779ApplyDrOffset), (14 bytes).
    Removing regioncn779.o(i.RegionCN779CalcBackOff), (64 bytes).
    Removing regioncn779.o(i.RegionCN779ChanMaskSet), (44 bytes).
    Removing regioncn779.o(i.RegionCN779ChannelAdd), (208 bytes).
    Removing regioncn779.o(i.RegionCN779ChannelsRemove), (44 bytes).
    Removing regioncn779.o(i.RegionCN779ComputeRxWindowParameters), (104 bytes).
    Removing regioncn779.o(i.RegionCN779DlChannelReq), (56 bytes).
    Removing regioncn779.o(i.RegionCN779GetPhyParam), (196 bytes).
    Removing regioncn779.o(i.RegionCN779InitDefaults), (80 bytes).
    Removing regioncn779.o(i.RegionCN779LinkAdrReq), (344 bytes).
    Removing regioncn779.o(i.RegionCN779NewChannelReq), (66 bytes).
    Removing regioncn779.o(i.RegionCN779NextChannel), (200 bytes).
    Removing regioncn779.o(i.RegionCN779RxConfig), (228 bytes).
    Removing regioncn779.o(i.RegionCN779RxParamSetupReq), (64 bytes).
    Removing regioncn779.o(i.RegionCN779SetBandTxDone), (36 bytes).
    Removing regioncn779.o(i.RegionCN779SetContinuousWave), (80 bytes).
    Removing regioncn779.o(i.RegionCN779TxConfig), (232 bytes).
    Removing regioncn779.o(i.RegionCN779TxParamSetupReq), (6 bytes).
    Removing regioncn779.o(i.RegionCN779Verify), (52 bytes).
    Removing regioncn779.o(i.VerifyTxFreq), (48 bytes).
    Removing regioncn779.o(.bss), (192 bytes).
    Removing regioncn779.o(.constdata), (92 bytes).
    Removing regioncn779.o(.data), (20 bytes).
    Removing regioncommon.o(i.RegionCommonCalcBackOff), (96 bytes).
    Removing regioncommon.o(i.RegionCommonChanDisable), (40 bytes).
    Removing regioncommon.o(i.RegionCommonChanMaskCopy), (34 bytes).
    Removing regioncommon.o(i.RegionCommonChanVerifyDr), (104 bytes).
    Removing regioncommon.o(i.RegionCommonComputeRxWindowParameters), (162 bytes).
    Removing regioncommon.o(i.RegionCommonComputeSymbolTimeFsk), (28 bytes).
    Removing regioncommon.o(i.RegionCommonComputeSymbolTimeLoRa), (48 bytes).
    Removing regioncommon.o(i.RegionCommonComputeTxPower), (40 bytes).
    Removing regioncommon.o(i.RegionCommonCountChannels), (68 bytes).
    Removing regioncommon.o(i.RegionCommonGetJoinDc), (36 bytes).
    Removing regioncommon.o(i.RegionCommonLinkAdrReqVerifyParams), (144 bytes).
    Removing regioncommon.o(i.RegionCommonParseLinkAdrReq), (54 bytes).
    Removing regioncommon.o(i.RegionCommonSetBandTxDone), (10 bytes).
    Removing regioncommon.o(i.RegionCommonUpdateBandTimeOff), (186 bytes).
    Removing regioncommon.o(i.RegionCommonValueInRange), (16 bytes).
    Removing regioneu433.o(i.CountNbOfEnabledChannels), (158 bytes).
    Removing regioneu433.o(i.GetBandwidth), (44 bytes).
    Removing regioneu433.o(i.RegionEU433AdrNext), (124 bytes).
    Removing regioneu433.o(i.RegionEU433AlternateDr), (2 bytes).
    Removing regioneu433.o(i.RegionEU433ApplyCFList), (118 bytes).
    Removing regioneu433.o(i.RegionEU433ApplyDrOffset), (14 bytes).
    Removing regioneu433.o(i.RegionEU433CalcBackOff), (64 bytes).
    Removing regioneu433.o(i.RegionEU433ChanMaskSet), (44 bytes).
    Removing regioneu433.o(i.RegionEU433ChannelAdd), (208 bytes).
    Removing regioneu433.o(i.RegionEU433ChannelsRemove), (44 bytes).
    Removing regioneu433.o(i.RegionEU433ComputeRxWindowParameters), (104 bytes).
    Removing regioneu433.o(i.RegionEU433DlChannelReq), (56 bytes).
    Removing regioneu433.o(i.RegionEU433GetPhyParam), (196 bytes).
    Removing regioneu433.o(i.RegionEU433InitDefaults), (80 bytes).
    Removing regioneu433.o(i.RegionEU433LinkAdrReq), (344 bytes).
    Removing regioneu433.o(i.RegionEU433NewChannelReq), (66 bytes).
    Removing regioneu433.o(i.RegionEU433NextChannel), (200 bytes).
    Removing regioneu433.o(i.RegionEU433RxConfig), (228 bytes).
    Removing regioneu433.o(i.RegionEU433RxParamSetupReq), (64 bytes).
    Removing regioneu433.o(i.RegionEU433SetBandTxDone), (36 bytes).
    Removing regioneu433.o(i.RegionEU433SetContinuousWave), (80 bytes).
    Removing regioneu433.o(i.RegionEU433TxConfig), (232 bytes).
    Removing regioneu433.o(i.RegionEU433TxParamSetupReq), (6 bytes).
    Removing regioneu433.o(i.RegionEU433Verify), (52 bytes).
    Removing regioneu433.o(i.VerifyTxFreq), (48 bytes).
    Removing regioneu433.o(.bss), (192 bytes).
    Removing regioneu433.o(.constdata), (92 bytes).
    Removing regioneu433.o(.data), (20 bytes).
    Removing regioneu868.o(i.CountNbOfEnabledChannels), (158 bytes).
    Removing regioneu868.o(i.GetBandwidth), (44 bytes).
    Removing regioneu868.o(i.RegionEU868AdrNext), (124 bytes).
    Removing regioneu868.o(i.RegionEU868AlternateDr), (2 bytes).
    Removing regioneu868.o(i.RegionEU868ApplyCFList), (118 bytes).
    Removing regioneu868.o(i.RegionEU868ApplyDrOffset), (14 bytes).
    Removing regioneu868.o(i.RegionEU868CalcBackOff), (64 bytes).
    Removing regioneu868.o(i.RegionEU868ChanMaskSet), (44 bytes).
    Removing regioneu868.o(i.RegionEU868ChannelAdd), (216 bytes).
    Removing regioneu868.o(i.RegionEU868ChannelsRemove), (44 bytes).
    Removing regioneu868.o(i.RegionEU868ComputeRxWindowParameters), (104 bytes).
    Removing regioneu868.o(i.RegionEU868DlChannelReq), (64 bytes).
    Removing regioneu868.o(i.RegionEU868GetPhyParam), (196 bytes).
    Removing regioneu868.o(i.RegionEU868InitDefaults), (80 bytes).
    Removing regioneu868.o(i.RegionEU868LinkAdrReq), (352 bytes).
    Removing regioneu868.o(i.RegionEU868NewChannelReq), (66 bytes).
    Removing regioneu868.o(i.RegionEU868NextChannel), (200 bytes).
    Removing regioneu868.o(i.RegionEU868RxConfig), (228 bytes).
    Removing regioneu868.o(i.RegionEU868RxParamSetupReq), (64 bytes).
    Removing regioneu868.o(i.RegionEU868SetBandTxDone), (36 bytes).
    Removing regioneu868.o(i.RegionEU868SetContinuousWave), (80 bytes).
    Removing regioneu868.o(i.RegionEU868TxConfig), (232 bytes).
    Removing regioneu868.o(i.RegionEU868TxParamSetupReq), (6 bytes).
    Removing regioneu868.o(i.RegionEU868Verify), (52 bytes).
    Removing regioneu868.o(i.VerifyTxFreq), (152 bytes).
    Removing regioneu868.o(.bss), (192 bytes).
    Removing regioneu868.o(.constdata), (92 bytes).
    Removing regioneu868.o(.data), (84 bytes).
    Removing regionin865.o(i.CountNbOfEnabledChannels), (158 bytes).
    Removing regionin865.o(i.GetBandwidth), (44 bytes).
    Removing regionin865.o(i.RegionIN865AdrNext), (124 bytes).
    Removing regionin865.o(i.RegionIN865AlternateDr), (2 bytes).
    Removing regionin865.o(i.RegionIN865ApplyCFList), (118 bytes).
    Removing regionin865.o(i.RegionIN865ApplyDrOffset), (28 bytes).
    Removing regionin865.o(i.RegionIN865CalcBackOff), (64 bytes).
    Removing regionin865.o(i.RegionIN865ChanMaskSet), (44 bytes).
    Removing regionin865.o(i.RegionIN865ChannelAdd), (216 bytes).
    Removing regionin865.o(i.RegionIN865ChannelsRemove), (44 bytes).
    Removing regionin865.o(i.RegionIN865ComputeRxWindowParameters), (104 bytes).
    Removing regionin865.o(i.RegionIN865DlChannelReq), (64 bytes).
    Removing regionin865.o(i.RegionIN865GetPhyParam), (208 bytes).
    Removing regionin865.o(i.RegionIN865InitDefaults), (80 bytes).
    Removing regionin865.o(i.RegionIN865LinkAdrReq), (368 bytes).
    Removing regionin865.o(i.RegionIN865NewChannelReq), (66 bytes).
    Removing regionin865.o(i.RegionIN865NextChannel), (200 bytes).
    Removing regionin865.o(i.RegionIN865RxConfig), (228 bytes).
    Removing regionin865.o(i.RegionIN865RxParamSetupReq), (64 bytes).
    Removing regionin865.o(i.RegionIN865SetBandTxDone), (36 bytes).
    Removing regionin865.o(i.RegionIN865SetContinuousWave), (80 bytes).
    Removing regionin865.o(i.RegionIN865TxConfig), (232 bytes).
    Removing regionin865.o(i.RegionIN865TxParamSetupReq), (6 bytes).
    Removing regionin865.o(i.RegionIN865Verify), (64 bytes).
    Removing regionin865.o(i.VerifyTxFreq), (48 bytes).
    Removing regionin865.o(.bss), (192 bytes).
    Removing regionin865.o(.constdata), (100 bytes).
    Removing regionin865.o(.data), (20 bytes).
    Removing regionkr920.o(i.CountNbOfEnabledChannels), (158 bytes).
    Removing regionkr920.o(i.GetBandwidth), (44 bytes).
    Removing regionkr920.o(i.GetMaxEIRP), (20 bytes).
    Removing regionkr920.o(i.RegionKR920AdrNext), (124 bytes).
    Removing regionkr920.o(i.RegionKR920AlternateDr), (2 bytes).
    Removing regionkr920.o(i.RegionKR920ApplyCFList), (118 bytes).
    Removing regionkr920.o(i.RegionKR920ApplyDrOffset), (14 bytes).
    Removing regionkr920.o(i.RegionKR920CalcBackOff), (64 bytes).
    Removing regionkr920.o(i.RegionKR920ChanMaskSet), (44 bytes).
    Removing regionkr920.o(i.RegionKR920ChannelAdd), (184 bytes).
    Removing regionkr920.o(i.RegionKR920ChannelsRemove), (44 bytes).
    Removing regionkr920.o(i.RegionKR920ComputeRxWindowParameters), (92 bytes).
    Removing regionkr920.o(i.RegionKR920DlChannelReq), (56 bytes).
    Removing regionkr920.o(i.RegionKR920GetPhyParam), (192 bytes).
    Removing regionkr920.o(i.RegionKR920InitDefaults), (80 bytes).
    Removing regionkr920.o(i.RegionKR920LinkAdrReq), (344 bytes).
    Removing regionkr920.o(i.RegionKR920NewChannelReq), (66 bytes).
    Removing regionkr920.o(i.RegionKR920NextChannel), (260 bytes).
    Removing regionkr920.o(i.RegionKR920RxConfig), (152 bytes).
    Removing regionkr920.o(i.RegionKR920RxParamSetupReq), (64 bytes).
    Removing regionkr920.o(i.RegionKR920SetBandTxDone), (36 bytes).
    Removing regionkr920.o(i.RegionKR920SetContinuousWave), (116 bytes).
    Removing regionkr920.o(i.RegionKR920TxConfig), (212 bytes).
    Removing regionkr920.o(i.RegionKR920TxParamSetupReq), (6 bytes).
    Removing regionkr920.o(i.RegionKR920Verify), (50 bytes).
    Removing regionkr920.o(i.VerifyTxFreq), (64 bytes).
    Removing regionkr920.o(.bss), (192 bytes).
    Removing regionkr920.o(.constdata), (80 bytes).
    Removing regionkr920.o(.data), (20 bytes).
    Removing regionus915.o(i.CountNbOfEnabledChannels), (150 bytes).
    Removing regionus915.o(i.GetBandwidth), (44 bytes).
    Removing regionus915.o(i.LimitTxPower), (50 bytes).
    Removing regionus915.o(i.RegionUS915AdrNext), (136 bytes).
    Removing regionus915.o(i.RegionUS915AlternateDr), (32 bytes).
    Removing regionus915.o(i.RegionUS915ApplyCFList), (2 bytes).
    Removing regionus915.o(i.RegionUS915ApplyDrOffset), (24 bytes).
    Removing regionus915.o(i.RegionUS915CalcBackOff), (64 bytes).
    Removing regionus915.o(i.RegionUS915ChanMaskSet), (92 bytes).
    Removing regionus915.o(i.RegionUS915ChannelAdd), (4 bytes).
    Removing regionus915.o(i.RegionUS915ChannelsRemove), (4 bytes).
    Removing regionus915.o(i.RegionUS915ComputeRxWindowParameters), (92 bytes).
    Removing regionus915.o(i.RegionUS915DlChannelReq), (4 bytes).
    Removing regionus915.o(i.RegionUS915GetPhyParam), (184 bytes).
    Removing regionus915.o(i.RegionUS915InitDefaults), (212 bytes).
    Removing regionus915.o(i.RegionUS915LinkAdrReq), (392 bytes).
    Removing regionus915.o(i.RegionUS915NewChannelReq), (4 bytes).
    Removing regionus915.o(i.RegionUS915NextChannel), (216 bytes).
    Removing regionus915.o(i.RegionUS915RxConfig), (168 bytes).
    Removing regionus915.o(i.RegionUS915RxParamSetupReq), (136 bytes).
    Removing regionus915.o(i.RegionUS915SetBandTxDone), (36 bytes).
    Removing regionus915.o(i.RegionUS915SetContinuousWave), (96 bytes).
    Removing regionus915.o(i.RegionUS915TxConfig), (188 bytes).
    Removing regionus915.o(i.RegionUS915TxParamSetupReq), (6 bytes).
    Removing regionus915.o(i.RegionUS915Verify), (68 bytes).
    Removing regionus915.o(.bss), (900 bytes).
    Removing regionus915.o(.constdata), (132 bytes).
    Removing regionus915.o(.data), (20 bytes).
    Removing regionus915-hybrid.o(i.CountBits), (34 bytes).
    Removing regionus915-hybrid.o(i.CountNbOfEnabledChannels), (150 bytes).
    Removing regionus915-hybrid.o(i.GetBandwidth), (44 bytes).
    Removing regionus915-hybrid.o(i.LimitTxPower), (50 bytes).
    Removing regionus915-hybrid.o(i.ReenableChannels), (68 bytes).
    Removing regionus915-hybrid.o(i.RegionUS915HybridAdrNext), (124 bytes).
    Removing regionus915-hybrid.o(i.RegionUS915HybridAlternateDr), (40 bytes).
    Removing regionus915-hybrid.o(i.RegionUS915HybridApplyCFList), (2 bytes).
    Removing regionus915-hybrid.o(i.RegionUS915HybridApplyDrOffset), (24 bytes).
    Removing regionus915-hybrid.o(i.RegionUS915HybridCalcBackOff), (64 bytes).
    Removing regionus915-hybrid.o(i.RegionUS915HybridChanMaskSet), (104 bytes).
    Removing regionus915-hybrid.o(i.RegionUS915HybridChannelAdd), (4 bytes).
    Removing regionus915-hybrid.o(i.RegionUS915HybridChannelsRemove), (4 bytes).
    Removing regionus915-hybrid.o(i.RegionUS915HybridComputeRxWindowParameters), (92 bytes).
    Removing regionus915-hybrid.o(i.RegionUS915HybridDlChannelReq), (4 bytes).
    Removing regionus915-hybrid.o(i.RegionUS915HybridGetPhyParam), (184 bytes).
    Removing regionus915-hybrid.o(i.RegionUS915HybridInitDefaults), (212 bytes).
    Removing regionus915-hybrid.o(i.RegionUS915HybridLinkAdrReq), (404 bytes).
    Removing regionus915-hybrid.o(i.RegionUS915HybridNewChannelReq), (4 bytes).
    Removing regionus915-hybrid.o(i.RegionUS915HybridNextChannel), (216 bytes).
    Removing regionus915-hybrid.o(i.RegionUS915HybridRxConfig), (168 bytes).
    Removing regionus915-hybrid.o(i.RegionUS915HybridRxParamSetupReq), (136 bytes).
    Removing regionus915-hybrid.o(i.RegionUS915HybridSetBandTxDone), (36 bytes).
    Removing regionus915-hybrid.o(i.RegionUS915HybridSetContinuousWave), (96 bytes).
    Removing regionus915-hybrid.o(i.RegionUS915HybridTxConfig), (188 bytes).
    Removing regionus915-hybrid.o(i.RegionUS915HybridTxParamSetupReq), (6 bytes).
    Removing regionus915-hybrid.o(i.RegionUS915HybridVerify), (68 bytes).
    Removing regionus915-hybrid.o(i.ValidateChannelsMask), (166 bytes).
    Removing regionus915-hybrid.o(.bss), (900 bytes).
    Removing regionus915-hybrid.o(.constdata), (132 bytes).
    Removing regionus915-hybrid.o(.data), (20 bytes).
    Removing aes.o(i.aes_cbc_encrypt), (64 bytes).
    Removing aes.o(i.aes_encrypt), (78 bytes).
    Removing aes.o(i.aes_set_key), (240 bytes).
    Removing aes.o(i.copy_and_key), (132 bytes).
    Removing aes.o(i.copy_block), (66 bytes).
    Removing aes.o(i.mix_sub_columns), (540 bytes).
    Removing aes.o(i.shift_sub_rows), (104 bytes).
    Removing aes.o(i.xor_block), (130 bytes).
    Removing aes.o(.constdata), (768 bytes).
    Removing cmac.o(i.AES_CMAC_Final), (320 bytes).
    Removing cmac.o(i.AES_CMAC_Init), (34 bytes).
    Removing cmac.o(i.AES_CMAC_SetKey), (12 bytes).
    Removing cmac.o(i.AES_CMAC_Update), (174 bytes).
    Removing fadd.o(.text), (176 bytes).
    Removing fmul.o(.text), (100 bytes).
    Removing ddiv.o(.text), (222 bytes).
    Removing dscalb.o(.text), (46 bytes).
    Removing fflti.o(.text), (18 bytes).
    Removing ffltui.o(.text), (10 bytes).
    Removing dflti.o(.text), (34 bytes).
    Removing ffixui.o(.text), (40 bytes).
    Removing dfixi.o(.text), (62 bytes).
    Removing f2d.o(.text), (38 bytes).
    Removing cfcmple.o(.text), (20 bytes).
    Removing fepilogue.o(.text), (110 bytes).

846 unused section(s) (total 71790 bytes) removed from the image.

==============================================================================

Image Symbol Table

    Local Symbols

    Symbol Name                              Value     Ov Type        Size  Object(Section)

    ..//Src/system_stm32f1xx.c               0x00000000   Number         0  system_stm32f1xx.o ABSOLUTE
    ../Drivers/STM32F1xx_HAL_Driver/Src/stm32f1xx_hal.c 0x00000000   Number         0  stm32f1xx_hal.o ABSOLUTE
    ../Drivers/STM32F1xx_HAL_Driver/Src/stm32f1xx_hal_cortex.c 0x00000000   Number         0  stm32f1xx_hal_cortex.o ABSOLUTE
    ../Drivers/STM32F1xx_HAL_Driver/Src/stm32f1xx_hal_dma.c 0x00000000   Number         0  stm32f1xx_hal_dma.o ABSOLUTE
    ../Drivers/STM32F1xx_HAL_Driver/Src/stm32f1xx_hal_flash.c 0x00000000   Number         0  stm32f1xx_hal_flash.o ABSOLUTE
    ../Drivers/STM32F1xx_HAL_Driver/Src/stm32f1xx_hal_flash_ex.c 0x00000000   Number         0  stm32f1xx_hal_flash_ex.o ABSOLUTE
    ../Drivers/STM32F1xx_HAL_Driver/Src/stm32f1xx_hal_gpio.c 0x00000000   Number         0  stm32f1xx_hal_gpio.o ABSOLUTE
    ../Drivers/STM32F1xx_HAL_Driver/Src/stm32f1xx_hal_gpio_ex.c 0x00000000   Number         0  stm32f1xx_hal_gpio_ex.o ABSOLUTE
    ../Drivers/STM32F1xx_HAL_Driver/Src/stm32f1xx_hal_pwr.c 0x00000000   Number         0  stm32f1xx_hal_pwr.o ABSOLUTE
    ../Drivers/STM32F1xx_HAL_Driver/Src/stm32f1xx_hal_rcc.c 0x00000000   Number         0  stm32f1xx_hal_rcc.o ABSOLUTE
    ../Drivers/STM32F1xx_HAL_Driver/Src/stm32f1xx_hal_rcc_ex.c 0x00000000   Number         0  stm32f1xx_hal_rcc_ex.o ABSOLUTE
    ../Drivers/STM32F1xx_HAL_Driver/Src/stm32f1xx_hal_rtc.c 0x00000000   Number         0  stm32f1xx_hal_rtc.o ABSOLUTE
    ../Drivers/STM32F1xx_HAL_Driver/Src/stm32f1xx_hal_rtc_ex.c 0x00000000   Number         0  stm32f1xx_hal_rtc_ex.o ABSOLUTE
    ../Drivers/STM32F1xx_HAL_Driver/Src/stm32f1xx_hal_spi.c 0x00000000   Number         0  stm32f1xx_hal_spi.o ABSOLUTE
    ../Drivers/STM32F1xx_HAL_Driver/Src/stm32f1xx_hal_spi_ex.c 0x00000000   Number         0  stm32f1xx_hal_spi_ex.o ABSOLUTE
    ../Drivers/STM32F1xx_HAL_Driver/Src/stm32f1xx_hal_tim.c 0x00000000   Number         0  stm32f1xx_hal_tim.o ABSOLUTE
    ../Drivers/STM32F1xx_HAL_Driver/Src/stm32f1xx_hal_tim_ex.c 0x00000000   Number         0  stm32f1xx_hal_tim_ex.o ABSOLUTE
    ../Drivers/STM32F1xx_HAL_Driver/Src/stm32f1xx_hal_uart.c 0x00000000   Number         0  stm32f1xx_hal_uart.o ABSOLUTE
    ../Src/main.c                            0x00000000   Number         0  main.o ABSOLUTE
    ../Src/stm32f1xx_hal_msp.c               0x00000000   Number         0  stm32f1xx_hal_msp.o ABSOLUTE
    ../Src/stm32f1xx_it.c                    0x00000000   Number         0  stm32f1xx_it.o ABSOLUTE
    ../clib/microlib/init/entry.s            0x00000000   Number         0  entry7b.o ABSOLUTE
    ../clib/microlib/init/entry.s            0x00000000   Number         0  entry8a.o ABSOLUTE
    ../clib/microlib/init/entry.s            0x00000000   Number         0  entry9a.o ABSOLUTE
    ../clib/microlib/init/entry.s            0x00000000   Number         0  entry9b.o ABSOLUTE
    ../clib/microlib/init/entry.s            0x00000000   Number         0  entry10b.o ABSOLUTE
    ../clib/microlib/init/entry.s            0x00000000   Number         0  entry11a.o ABSOLUTE
    ../clib/microlib/init/entry.s            0x00000000   Number         0  entry10a.o ABSOLUTE
    ../clib/microlib/init/entry.s            0x00000000   Number         0  entry11b.o ABSOLUTE
    ../clib/microlib/init/entry.s            0x00000000   Number         0  entry.o ABSOLUTE
    ../clib/microlib/init/entry.s            0x00000000   Number         0  entry2.o ABSOLUTE
    ../clib/microlib/init/entry.s            0x00000000   Number         0  entry5.o ABSOLUTE
    ../clib/microlib/init/entry.s            0x00000000   Number         0  entry8b.o ABSOLUTE
    ../clib/microlib/init/entry.s            0x00000000   Number         0  entry7a.o ABSOLUTE
    ../clib/microlib/longlong.c              0x00000000   Number         0  llushr.o ABSOLUTE
    ../clib/microlib/longlong.c              0x00000000   Number         0  llshl.o ABSOLUTE
    ../clib/microlib/longlong.c              0x00000000   Number         0  llsshr.o ABSOLUTE
    ../clib/microlib/string/memcpy.c         0x00000000   Number         0  memcpyb.o ABSOLUTE
    ../clib/microlib/string/memcpy.c         0x00000000   Number         0  memcpya.o ABSOLUTE
    ../clib/microlib/string/memset.c         0x00000000   Number         0  memseta.o ABSOLUTE
    ../clib/microlib/string/strncmp.c        0x00000000   Number         0  strncmp.o ABSOLUTE
    ../clib/microlib/stubs.s                 0x00000000   Number         0  iusefp.o ABSOLUTE
    ../fplib/microlib/f2d.c                  0x00000000   Number         0  f2d.o ABSOLUTE
    ../fplib/microlib/fpadd.c                0x00000000   Number         0  fadd.o ABSOLUTE
    ../fplib/microlib/fpadd.c                0x00000000   Number         0  dadd.o ABSOLUTE
    ../fplib/microlib/fpdiv.c                0x00000000   Number         0  ddiv.o ABSOLUTE
    ../fplib/microlib/fpepilogue.c           0x00000000   Number         0  depilogue.o ABSOLUTE
    ../fplib/microlib/fpepilogue.c           0x00000000   Number         0  fepilogue.o ABSOLUTE
    ../fplib/microlib/fpfix.c                0x00000000   Number         0  dfixui.o ABSOLUTE
    ../fplib/microlib/fpfix.c                0x00000000   Number         0  dfixi.o ABSOLUTE
    ../fplib/microlib/fpfix.c                0x00000000   Number         0  ffixui.o ABSOLUTE
    ../fplib/microlib/fpflt.c                0x00000000   Number         0  fflti.o ABSOLUTE
    ../fplib/microlib/fpflt.c                0x00000000   Number         0  ffltui.o ABSOLUTE
    ../fplib/microlib/fpflt.c                0x00000000   Number         0  dflti.o ABSOLUTE
    ../fplib/microlib/fpflt.c                0x00000000   Number         0  dfltui.o ABSOLUTE
    ../fplib/microlib/fpmul.c                0x00000000   Number         0  dmul.o ABSOLUTE
    ../fplib/microlib/fpmul.c                0x00000000   Number         0  fmul.o ABSOLUTE
    ../fplib/microlib/fprnd.c                0x00000000   Number         0  drnd.o ABSOLUTE
    ../fplib/microlib/fpscalb.c              0x00000000   Number         0  dscalb.o ABSOLUTE
    ../mathlib/ceil.c                        0x00000000   Number         0  ceil.o ABSOLUTE
    ../mathlib/floor.c                       0x00000000   Number         0  floor.o ABSOLUTE
    ../mathlib/round.c                       0x00000000   Number         0  round.o ABSOLUTE
    ..\Board\board.c                         0x00000000   Number         0  board.o ABSOLUTE
    ..\Board\gpio-board.c                    0x00000000   Number         0  gpio-board.o ABSOLUTE
    ..\Board\rtc-board.c                     0x00000000   Number         0  rtc-board.o ABSOLUTE
    ..\Board\spi-board.c                     0x00000000   Number         0  spi-board.o ABSOLUTE
    ..\Board\sx1272_board.c                  0x00000000   Number         0  sx1272_board.o ABSOLUTE
    ..\Board\timer.c                         0x00000000   Number         0  timer.o ABSOLUTE
    ..\Drivers\STM32F1xx_HAL_Driver\Src\stm32f1xx_hal.c 0x00000000   Number         0  stm32f1xx_hal.o ABSOLUTE
    ..\Drivers\STM32F1xx_HAL_Driver\Src\stm32f1xx_hal_cortex.c 0x00000000   Number         0  stm32f1xx_hal_cortex.o ABSOLUTE
    ..\Drivers\STM32F1xx_HAL_Driver\Src\stm32f1xx_hal_dma.c 0x00000000   Number         0  stm32f1xx_hal_dma.o ABSOLUTE
    ..\Drivers\STM32F1xx_HAL_Driver\Src\stm32f1xx_hal_flash.c 0x00000000   Number         0  stm32f1xx_hal_flash.o ABSOLUTE
    ..\Drivers\STM32F1xx_HAL_Driver\Src\stm32f1xx_hal_flash_ex.c 0x00000000   Number         0  stm32f1xx_hal_flash_ex.o ABSOLUTE
    ..\Drivers\STM32F1xx_HAL_Driver\Src\stm32f1xx_hal_gpio.c 0x00000000   Number         0  stm32f1xx_hal_gpio.o ABSOLUTE
    ..\Drivers\STM32F1xx_HAL_Driver\Src\stm32f1xx_hal_gpio_ex.c 0x00000000   Number         0  stm32f1xx_hal_gpio_ex.o ABSOLUTE
    ..\Drivers\STM32F1xx_HAL_Driver\Src\stm32f1xx_hal_pwr.c 0x00000000   Number         0  stm32f1xx_hal_pwr.o ABSOLUTE
    ..\Drivers\STM32F1xx_HAL_Driver\Src\stm32f1xx_hal_rcc.c 0x00000000   Number         0  stm32f1xx_hal_rcc.o ABSOLUTE
    ..\Drivers\STM32F1xx_HAL_Driver\Src\stm32f1xx_hal_rcc_ex.c 0x00000000   Number         0  stm32f1xx_hal_rcc_ex.o ABSOLUTE
    ..\Drivers\STM32F1xx_HAL_Driver\Src\stm32f1xx_hal_rtc.c 0x00000000   Number         0  stm32f1xx_hal_rtc.o ABSOLUTE
    ..\Drivers\STM32F1xx_HAL_Driver\Src\stm32f1xx_hal_rtc_ex.c 0x00000000   Number         0  stm32f1xx_hal_rtc_ex.o ABSOLUTE
    ..\Drivers\STM32F1xx_HAL_Driver\Src\stm32f1xx_hal_spi.c 0x00000000   Number         0  stm32f1xx_hal_spi.o ABSOLUTE
    ..\Drivers\STM32F1xx_HAL_Driver\Src\stm32f1xx_hal_spi_ex.c 0x00000000   Number         0  stm32f1xx_hal_spi_ex.o ABSOLUTE
    ..\Drivers\STM32F1xx_HAL_Driver\Src\stm32f1xx_hal_tim.c 0x00000000   Number         0  stm32f1xx_hal_tim.o ABSOLUTE
    ..\Drivers\STM32F1xx_HAL_Driver\Src\stm32f1xx_hal_tim_ex.c 0x00000000   Number         0  stm32f1xx_hal_tim_ex.o ABSOLUTE
    ..\Drivers\STM32F1xx_HAL_Driver\Src\stm32f1xx_hal_uart.c 0x00000000   Number         0  stm32f1xx_hal_uart.o ABSOLUTE
    ..\Mac\LoRaMac.c                         0x00000000   Number         0  loramac.o ABSOLUTE
    ..\Mac\LoRaMacCrypto.c                   0x00000000   Number         0  loramaccrypto.o ABSOLUTE
    ..\Mac\crypto\aes.c                      0x00000000   Number         0  aes.o ABSOLUTE
    ..\Mac\crypto\cmac.c                     0x00000000   Number         0  cmac.o ABSOLUTE
    ..\Mac\region\Region.c                   0x00000000   Number         0  region.o ABSOLUTE
    ..\Mac\region\RegionAS923.c              0x00000000   Number         0  regionas923.o ABSOLUTE
    ..\Mac\region\RegionAU915.c              0x00000000   Number         0  regionau915.o ABSOLUTE
    ..\Mac\region\RegionCN470.c              0x00000000   Number         0  regioncn470.o ABSOLUTE
    ..\Mac\region\RegionCN779.c              0x00000000   Number         0  regioncn779.o ABSOLUTE
    ..\Mac\region\RegionCommon.c             0x00000000   Number         0  regioncommon.o ABSOLUTE
    ..\Mac\region\RegionEU433.c              0x00000000   Number         0  regioneu433.o ABSOLUTE
    ..\Mac\region\RegionEU868.c              0x00000000   Number         0  regioneu868.o ABSOLUTE
    ..\Mac\region\RegionIN865.c              0x00000000   Number         0  regionin865.o ABSOLUTE
    ..\Mac\region\RegionKR920.c              0x00000000   Number         0  regionkr920.o ABSOLUTE
    ..\Mac\region\RegionUS915-Hybrid.c       0x00000000   Number         0  regionus915-hybrid.o ABSOLUTE
    ..\Mac\region\RegionUS915.c              0x00000000   Number         0  regionus915.o ABSOLUTE
    ..\Radio\radio.c                         0x00000000   Number         0  radio.o ABSOLUTE
    ..\Radio\sx1272.c                        0x00000000   Number         0  sx1272.o ABSOLUTE
    ..\Src\main.c                            0x00000000   Number         0  main.o ABSOLUTE
    ..\Src\stm32f1xx_hal_msp.c               0x00000000   Number         0  stm32f1xx_hal_msp.o ABSOLUTE
    ..\Src\stm32f1xx_it.c                    0x00000000   Number         0  stm32f1xx_it.o ABSOLUTE
    ..\System\gpio.c                         0x00000000   Number         0  gpio.o ABSOLUTE
    ..\Utilities\delay.c                     0x00000000   Number         0  delay.o ABSOLUTE
    ..\Utilities\delay_board.c               0x00000000   Number         0  delay_board.o ABSOLUTE
    ..\Utilities\utilities.c                 0x00000000   Number         0  utilities.o ABSOLUTE
    ..\\Board\\board.c                       0x00000000   Number         0  board.o ABSOLUTE
    ..\\Board\\gpio-board.c                  0x00000000   Number         0  gpio-board.o ABSOLUTE
    ..\\Board\\rtc-board.c                   0x00000000   Number         0  rtc-board.o ABSOLUTE
    ..\\Board\\spi-board.c                   0x00000000   Number         0  spi-board.o ABSOLUTE
    ..\\Board\\sx1272_board.c                0x00000000   Number         0  sx1272_board.o ABSOLUTE
    ..\\Board\\timer.c                       0x00000000   Number         0  timer.o ABSOLUTE
    ..\\Radio\\radio.c                       0x00000000   Number         0  radio.o ABSOLUTE
    ..\\Radio\\sx1272.c                      0x00000000   Number         0  sx1272.o ABSOLUTE
    ..\\Src\system_stm32f1xx.c               0x00000000   Number         0  system_stm32f1xx.o ABSOLUTE
    ..\\Utilities\\delay_board.c             0x00000000   Number         0  delay_board.o ABSOLUTE
    MacApp.c                                 0x00000000   Number         0  macapp.o ABSOLUTE
    MacApp.c                                 0x00000000   Number         0  macapp.o ABSOLUTE
    PingPong.c                               0x00000000   Number         0  pingpong.o ABSOLUTE
    PingPong.c                               0x00000000   Number         0  pingpong.o ABSOLUTE
    cdcmple.s                                0x00000000   Number         0  cdcmple.o ABSOLUTE
    cdrcmple.s                               0x00000000   Number         0  cdrcmple.o ABSOLUTE
    cfcmple.s                                0x00000000   Number         0  cfcmple.o ABSOLUTE
    dc.s                                     0x00000000   Number         0  dc.o ABSOLUTE
    handlers.s                               0x00000000   Number         0  handlers.o ABSOLUTE
    init.s                                   0x00000000   Number         0  init.o ABSOLUTE
    startup_stm32f103xe.s                    0x00000000   Number         0  startup_stm32f103xe.o ABSOLUTE
    RESET                                    0x08000000   Section      304  startup_stm32f103xe.o(RESET)
    .ARM.Collect$$$$00000000                 0x08000130   Section        0  entry.o(.ARM.Collect$$$$00000000)
    .ARM.Collect$$$$00000001                 0x08000130   Section        4  entry2.o(.ARM.Collect$$$$00000001)
    .ARM.Collect$$$$00000004                 0x08000134   Section        4  entry5.o(.ARM.Collect$$$$00000004)
    .ARM.Collect$$$$00000008                 0x08000138   Section        0  entry7b.o(.ARM.Collect$$$$00000008)
    .ARM.Collect$$$$0000000A                 0x08000138   Section        0  entry8b.o(.ARM.Collect$$$$0000000A)
    .ARM.Collect$$$$0000000B                 0x08000138   Section        8  entry9a.o(.ARM.Collect$$$$0000000B)
    .ARM.Collect$$$$0000000D                 0x08000140   Section        0  entry10a.o(.ARM.Collect$$$$0000000D)
    .ARM.Collect$$$$0000000F                 0x08000140   Section        0  entry11a.o(.ARM.Collect$$$$0000000F)
    .ARM.Collect$$$$00002712                 0x08000140   Section        4  entry2.o(.ARM.Collect$$$$00002712)
    __lit__00000000                          0x08000140   Data           4  entry2.o(.ARM.Collect$$$$00002712)
    .text                                    0x08000144   Section       36  startup_stm32f103xe.o(.text)
    .text                                    0x08000168   Section        0  llushr.o(.text)
    .text                                    0x08000188   Section        0  dadd.o(.text)
    .text                                    0x080002d6   Section        0  dmul.o(.text)
    .text                                    0x080003ba   Section        0  dfltui.o(.text)
    .text                                    0x080003d4   Section        0  dfixui.o(.text)
    .text                                    0x08000408   Section       48  cdcmple.o(.text)
    .text                                    0x08000438   Section       48  cdrcmple.o(.text)
    .text                                    0x08000468   Section        0  llshl.o(.text)
    .text                                    0x08000486   Section        0  llsshr.o(.text)
    .text                                    0x080004aa   Section        0  depilogue.o(.text)
    .text                                    0x080004aa   Section        0  iusefp.o(.text)
    .text                                    0x08000564   Section        0  drnd.o(.text)
    .text                                    0x080005ec   Section       36  init.o(.text)
    i.BlockLowPowerDuringTask                0x08000610   Section        0  rtc-board.o(i.BlockLowPowerDuringTask)
    i.BoardInit                              0x08000624   Section        0  board.o(i.BoardInit)
    i.BusFault_Handler                       0x08000642   Section        0  stm32f1xx_it.o(i.BusFault_Handler)
    i.DebugMon_Handler                       0x08000644   Section        0  stm32f1xx_it.o(i.DebugMon_Handler)
    i.EXTI0_IRQHandler                       0x08000646   Section        0  gpio-board.o(i.EXTI0_IRQHandler)
    i.EXTI15_10_IRQHandler                   0x08000656   Section        0  gpio-board.o(i.EXTI15_10_IRQHandler)
    i.EXTI1_IRQHandler                       0x08000690   Section        0  gpio-board.o(i.EXTI1_IRQHandler)
    i.EXTI2_IRQHandler                       0x080006a0   Section        0  gpio-board.o(i.EXTI2_IRQHandler)
    i.EXTI3_IRQHandler                       0x080006b0   Section        0  gpio-board.o(i.EXTI3_IRQHandler)
    i.EXTI4_IRQHandler                       0x080006c0   Section        0  gpio-board.o(i.EXTI4_IRQHandler)
    i.EXTI9_5_IRQHandler                     0x080006d0   Section        0  gpio-board.o(i.EXTI9_5_IRQHandler)
    i.GpioInit                               0x080006fc   Section        0  gpio.o(i.GpioInit)
    i.GpioMcuInit                            0x0800070c   Section        0  gpio-board.o(i.GpioMcuInit)
    i.GpioMcuToggle                          0x080007f0   Section        0  gpio-board.o(i.GpioMcuToggle)
    i.GpioMcuWrite                           0x08000802   Section        0  gpio-board.o(i.GpioMcuWrite)
    i.GpioToggle                             0x08000816   Section        0  gpio.o(i.GpioToggle)
    i.HAL_Delay                              0x0800081c   Section        0  stm32f1xx_hal.o(i.HAL_Delay)
    i.HAL_GPIO_EXTI_Callback                 0x08000840   Section        0  gpio-board.o(i.HAL_GPIO_EXTI_Callback)
    i.HAL_GPIO_EXTI_IRQHandler               0x08000864   Section        0  stm32f1xx_hal_gpio.o(i.HAL_GPIO_EXTI_IRQHandler)
    i.HAL_GPIO_Init                          0x0800087c   Section        0  stm32f1xx_hal_gpio.o(i.HAL_GPIO_Init)
    i.HAL_GPIO_TogglePin                     0x08000a64   Section        0  stm32f1xx_hal_gpio.o(i.HAL_GPIO_TogglePin)
    i.HAL_GPIO_WritePin                      0x08000a6c   Section        0  stm32f1xx_hal_gpio.o(i.HAL_GPIO_WritePin)
    i.HAL_GetTick                            0x08000a78   Section        0  stm32f1xx_hal.o(i.HAL_GetTick)
    i.HAL_IncTick                            0x08000a84   Section        0  stm32f1xx_hal.o(i.HAL_IncTick)
    i.HAL_Init                               0x08000a94   Section        0  stm32f1xx_hal.o(i.HAL_Init)
    i.HAL_InitTick                           0x08000ab8   Section        0  stm32f1xx_hal.o(i.HAL_InitTick)
    i.HAL_MspInit                            0x08000af8   Section        0  stm32f1xx_hal_msp.o(i.HAL_MspInit)
    i.HAL_NVIC_SetPriority                   0x08000b78   Section        0  stm32f1xx_hal_cortex.o(i.HAL_NVIC_SetPriority)
    i.HAL_NVIC_SetPriorityGrouping           0x08000bb8   Section        0  stm32f1xx_hal_cortex.o(i.HAL_NVIC_SetPriorityGrouping)
    i.HAL_PWR_EnableBkUpAccess               0x08000bdc   Section        0  stm32f1xx_hal_pwr.o(i.HAL_PWR_EnableBkUpAccess)
    i.HAL_RCCEx_GetPeriphCLKFreq             0x08000be8   Section        0  stm32f1xx_hal_rcc_ex.o(i.HAL_RCCEx_GetPeriphCLKFreq)
    i.HAL_RCCEx_PeriphCLKConfig              0x08000cbc   Section        0  stm32f1xx_hal_rcc_ex.o(i.HAL_RCCEx_PeriphCLKConfig)
    i.HAL_RCC_CSSCallback                    0x08000da8   Section        0  stm32f1xx_hal_rcc.o(i.HAL_RCC_CSSCallback)
    i.HAL_RCC_ClockConfig                    0x08000dac   Section        0  stm32f1xx_hal_rcc.o(i.HAL_RCC_ClockConfig)
    i.HAL_RCC_EnableCSS                      0x08000f00   Section        0  stm32f1xx_hal_rcc.o(i.HAL_RCC_EnableCSS)
    i.HAL_RCC_GetHCLKFreq                    0x08000f0c   Section        0  stm32f1xx_hal_rcc.o(i.HAL_RCC_GetHCLKFreq)
    i.HAL_RCC_GetPCLK1Freq                   0x08000f18   Section        0  stm32f1xx_hal_rcc.o(i.HAL_RCC_GetPCLK1Freq)
    i.HAL_RCC_GetPCLK2Freq                   0x08000f38   Section        0  stm32f1xx_hal_rcc.o(i.HAL_RCC_GetPCLK2Freq)
    i.HAL_RCC_GetSysClockFreq                0x08000f58   Section        0  stm32f1xx_hal_rcc.o(i.HAL_RCC_GetSysClockFreq)
    i.HAL_RCC_NMI_IRQHandler                 0x08000fc4   Section        0  stm32f1xx_hal_rcc.o(i.HAL_RCC_NMI_IRQHandler)
    i.HAL_RCC_OscConfig                      0x08000fdc   Section        0  stm32f1xx_hal_rcc.o(i.HAL_RCC_OscConfig)
    i.HAL_RTCEx_BKUPRead                     0x080012e0   Section        0  stm32f1xx_hal_rtc_ex.o(i.HAL_RTCEx_BKUPRead)
    i.HAL_RTCEx_BKUPWrite                    0x080012f0   Section        0  stm32f1xx_hal_rtc_ex.o(i.HAL_RTCEx_BKUPWrite)
    i.HAL_RTC_AlarmAEventCallback            0x08001300   Section        0  stm32f1xx_hal_rtc.o(i.HAL_RTC_AlarmAEventCallback)
    i.HAL_RTC_AlarmIRQHandler                0x08001304   Section        0  stm32f1xx_hal_rtc.o(i.HAL_RTC_AlarmIRQHandler)
    i.HAL_RTC_DeactivateAlarm                0x08001338   Section        0  stm32f1xx_hal_rtc.o(i.HAL_RTC_DeactivateAlarm)
    i.HAL_RTC_GetAlarm                       0x080013a8   Section        0  stm32f1xx_hal_rtc.o(i.HAL_RTC_GetAlarm)
    i.HAL_RTC_GetDate                        0x0800140e   Section        0  stm32f1xx_hal_rtc.o(i.HAL_RTC_GetDate)
    i.HAL_RTC_GetTime                        0x0800145c   Section        0  stm32f1xx_hal_rtc.o(i.HAL_RTC_GetTime)
    i.HAL_RTC_Init                           0x08001534   Section        0  stm32f1xx_hal_rtc.o(i.HAL_RTC_Init)
    i.HAL_RTC_MspInit                        0x080015d4   Section        0  stm32f1xx_hal_msp.o(i.HAL_RTC_MspInit)
    i.HAL_RTC_SetDate                        0x08001608   Section        0  stm32f1xx_hal_rtc.o(i.HAL_RTC_SetDate)
    i.HAL_RTC_SetTime                        0x080016cc   Section        0  stm32f1xx_hal_rtc.o(i.HAL_RTC_SetTime)
    i.HAL_RTC_WaitForSynchro                 0x08001778   Section        0  stm32f1xx_hal_rtc.o(i.HAL_RTC_WaitForSynchro)
    i.HAL_SPI_Init                           0x080017b2   Section        0  stm32f1xx_hal_spi_ex.o(i.HAL_SPI_Init)
    i.HAL_SPI_MspInit                        0x08001834   Section        0  stm32f1xx_hal_msp.o(i.HAL_SPI_MspInit)
    i.HAL_SYSTICK_CLKSourceConfig            0x0800188c   Section        0  stm32f1xx_hal_cortex.o(i.HAL_SYSTICK_CLKSourceConfig)
    i.HAL_SYSTICK_Callback                   0x080018a4   Section        0  stm32f1xx_hal_cortex.o(i.HAL_SYSTICK_Callback)
    i.HAL_SYSTICK_Config                     0x080018a6   Section        0  stm32f1xx_hal_cortex.o(i.HAL_SYSTICK_Config)
    i.HAL_SYSTICK_IRQHandler                 0x080018ce   Section        0  stm32f1xx_hal_cortex.o(i.HAL_SYSTICK_IRQHandler)
    i.HAL_UART_Init                          0x080018d6   Section        0  stm32f1xx_hal_uart.o(i.HAL_UART_Init)
    i.HAL_UART_MspInit                       0x08001938   Section        0  stm32f1xx_hal_msp.o(i.HAL_UART_MspInit)
    i.HardFault_Handler                      0x08001990   Section        0  stm32f1xx_it.o(i.HardFault_Handler)
    i.MX_GPIO_Init                           0x08001994   Section        0  board.o(i.MX_GPIO_Init)
    i.MX_RTC_Init                            0x08001a20   Section        0  board.o(i.MX_RTC_Init)
    i.MX_SPI1_Init                           0x08001ac4   Section        0  board.o(i.MX_SPI1_Init)
    i.MX_UART4_Init                          0x08001b20   Section        0  board.o(i.MX_UART4_Init)
    i.MemManage_Handler                      0x08001b70   Section        0  stm32f1xx_it.o(i.MemManage_Handler)
    i.NMI_Handler                            0x08001b72   Section        0  stm32f1xx_it.o(i.NMI_Handler)
    i.NVIC_SetPriority                       0x08001b76   Section        0  stm32f1xx_hal_cortex.o(i.NVIC_SetPriority)
    NVIC_SetPriority                         0x08001b77   Thumb Code    32  stm32f1xx_hal_cortex.o(i.NVIC_SetPriority)
    i.PendSV_Handler                         0x08001b96   Section        0  stm32f1xx_it.o(i.PendSV_Handler)
    i.RTC_Alarm_IRQHandler                   0x08001b98   Section        0  rtc-board.o(i.RTC_Alarm_IRQHandler)
    i.RTC_Bcd2ToByte                         0x08001bc4   Section        0  stm32f1xx_hal_rtc.o(i.RTC_Bcd2ToByte)
    RTC_Bcd2ToByte                           0x08001bc5   Thumb Code    18  stm32f1xx_hal_rtc.o(i.RTC_Bcd2ToByte)
    i.RTC_ByteToBcd2                         0x08001bd6   Section        0  stm32f1xx_hal_rtc.o(i.RTC_ByteToBcd2)
    RTC_ByteToBcd2                           0x08001bd7   Thumb Code    22  stm32f1xx_hal_rtc.o(i.RTC_ByteToBcd2)
    i.RTC_DateUpdate                         0x08001bec   Section        0  stm32f1xx_hal_rtc.o(i.RTC_DateUpdate)
    RTC_DateUpdate                           0x08001bed   Thumb Code   174  stm32f1xx_hal_rtc.o(i.RTC_DateUpdate)
    i.RTC_EnterInitMode                      0x08001c9a   Section        0  stm32f1xx_hal_rtc.o(i.RTC_EnterInitMode)
    RTC_EnterInitMode                        0x08001c9b   Thumb Code    52  stm32f1xx_hal_rtc.o(i.RTC_EnterInitMode)
    i.RTC_ExitInitMode                       0x08001cd0   Section        0  stm32f1xx_hal_rtc.o(i.RTC_ExitInitMode)
    RTC_ExitInitMode                         0x08001cd1   Thumb Code    54  stm32f1xx_hal_rtc.o(i.RTC_ExitInitMode)
    i.RTC_ReadAlarmCounter                   0x08001d06   Section        0  stm32f1xx_hal_rtc.o(i.RTC_ReadAlarmCounter)
    RTC_ReadAlarmCounter                     0x08001d07   Thumb Code    14  stm32f1xx_hal_rtc.o(i.RTC_ReadAlarmCounter)
    i.RTC_ReadTimeCounter                    0x08001d14   Section        0  stm32f1xx_hal_rtc.o(i.RTC_ReadTimeCounter)
    RTC_ReadTimeCounter                      0x08001d15   Thumb Code    32  stm32f1xx_hal_rtc.o(i.RTC_ReadTimeCounter)
    i.RTC_WeekDayNum                         0x08001d34   Section        0  stm32f1xx_hal_rtc.o(i.RTC_WeekDayNum)
    RTC_WeekDayNum                           0x08001d35   Thumb Code    86  stm32f1xx_hal_rtc.o(i.RTC_WeekDayNum)
    i.RTC_WriteAlarmCounter                  0x08001d8a   Section        0  stm32f1xx_hal_rtc.o(i.RTC_WriteAlarmCounter)
    RTC_WriteAlarmCounter                    0x08001d8b   Thumb Code    40  stm32f1xx_hal_rtc.o(i.RTC_WriteAlarmCounter)
    i.RTC_WriteTimeCounter                   0x08001db2   Section        0  stm32f1xx_hal_rtc.o(i.RTC_WriteTimeCounter)
    RTC_WriteTimeCounter                     0x08001db3   Thumb Code    40  stm32f1xx_hal_rtc.o(i.RTC_WriteTimeCounter)
    i.RtcComputeWakeUpTime                   0x08001ddc   Section        0  rtc-board.o(i.RtcComputeWakeUpTime)
    RtcComputeWakeUpTime                     0x08001ddd   Thumb Code   126  rtc-board.o(i.RtcComputeWakeUpTime)
    i.RtcConvertCalendarTickToTimerTime      0x08001e68   Section        0  rtc-board.o(i.RtcConvertCalendarTickToTimerTime)
    RtcConvertCalendarTickToTimerTime        0x08001e69   Thumb Code   292  rtc-board.o(i.RtcConvertCalendarTickToTimerTime)
    i.RtcGetAdjustedTimeoutValue             0x08001fa0   Section        0  rtc-board.o(i.RtcGetAdjustedTimeoutValue)
    i.RtcGetCalendar                         0x08001fd0   Section        0  rtc-board.o(i.RtcGetCalendar)
    RtcGetCalendar                           0x08001fd1   Thumb Code    84  rtc-board.o(i.RtcGetCalendar)
    i.RtcGetElapsedAlarmTime                 0x0800202c   Section        0  rtc-board.o(i.RtcGetElapsedAlarmTime)
    i.RtcRecoverMcuStatus                    0x08002050   Section        0  rtc-board.o(i.RtcRecoverMcuStatus)
    i.RtcSetTimeout                          0x08002090   Section        0  rtc-board.o(i.RtcSetTimeout)
    i.SVC_Handler                            0x08002092   Section        0  stm32f1xx_it.o(i.SVC_Handler)
    i.SysTick_Handler                        0x08002094   Section        0  stm32f1xx_it.o(i.SysTick_Handler)
    i.SystemClock_Config                     0x080020a4   Section        0  board.o(i.SystemClock_Config)
    i.SystemInit                             0x08002148   Section        0  system_stm32f1xx.o(i.SystemInit)
    i.TimerIrqHandler                        0x08002190   Section        0  timer.o(i.TimerIrqHandler)
    i.TimerSetTimeout                        0x080021e4   Section        0  timer.o(i.TimerSetTimeout)
    TimerSetTimeout                          0x080021e5   Thumb Code    26  timer.o(i.TimerSetTimeout)
    i.UART_SetConfig                         0x08002204   Section        0  stm32f1xx_hal_uart.o(i.UART_SetConfig)
    UART_SetConfig                           0x08002205   Thumb Code   364  stm32f1xx_hal_uart.o(i.UART_SetConfig)
    i.UsageFault_Handler                     0x08002374   Section        0  stm32f1xx_it.o(i.UsageFault_Handler)
    i._Error_Handler                         0x08002376   Section        0  main.o(i._Error_Handler)
    i.__scatterload_copy                     0x08002378   Section       14  handlers.o(i.__scatterload_copy)
    i.__scatterload_null                     0x08002386   Section        2  handlers.o(i.__scatterload_null)
    i.__scatterload_zeroinit                 0x08002388   Section       14  handlers.o(i.__scatterload_zeroinit)
    i.ceil                                   0x08002398   Section        0  ceil.o(i.ceil)
    i.main                                   0x08002474   Section        0  main.o(i.main)
    i.round                                  0x080024a0   Section        0  round.o(i.round)
    .constdata                               0x08002534   Section       24  rtc-board.o(.constdata)
    DaysInMonth                              0x08002534   Data          12  rtc-board.o(.constdata)
    DaysInMonthLeapYear                      0x08002540   Data          12  rtc-board.o(.constdata)
    .constdata                               0x0800254c   Section       16  system_stm32f1xx.o(.constdata)
    .constdata                               0x0800255c   Section        8  system_stm32f1xx.o(.constdata)
    .data                                    0x20000000   Section       12  stm32f1xx_hal.o(.data)
    .data                                    0x2000000c   Section       16  rtc-board.o(.data)
    CalendarRollOverReady                    0x2000000c   Data           1  rtc-board.o(.data)
    RtcTimerEventAllowsLowPower              0x2000000e   Data           1  rtc-board.o(.data)
    LowPowerDisableDuringTask                0x2000000f   Data           1  rtc-board.o(.data)
    RtcInitialized                           0x20000010   Data           1  rtc-board.o(.data)
    WakeUpTimeInitialized                    0x20000011   Data           1  rtc-board.o(.data)
    Century                                  0x20000012   Data           2  rtc-board.o(.data)
    PreviousCentury                          0x20000014   Data           2  rtc-board.o(.data)
    .data                                    0x2000001c   Section        8  timer.o(.data)
    TimerListHead                            0x20000020   Data           4  timer.o(.data)
    .data                                    0x20000024   Section        4  system_stm32f1xx.o(.data)
    .bss                                     0x20000028   Section      172  board.o(.bss)
    hrtc                                     0x20000028   Data          20  board.o(.bss)
    hspi1                                    0x2000003c   Data          88  board.o(.bss)
    huart4                                   0x20000094   Data          64  board.o(.bss)
    .bss                                     0x200000d4   Section       30  rtc-board.o(.bss)
    .bss                                     0x200000f4   Section       64  gpio-board.o(.bss)
    GpioIrq                                  0x200000f4   Data          64  gpio-board.o(.bss)
    STACK                                    0x20000138   Section     1024  startup_stm32f103xe.o(STACK)

    Global Symbols

    Symbol Name                              Value     Ov Type        Size  Object(Section)

    BuildAttributes$$THM_ISAv4$P$D$K$B$S$PE$A:L22UL41UL21$X:L11$S22US41US21$IEEE1$IW$USESV6$~STKCKD$USESV7$~SHL$OTIME$ROPI$IEEEJ$EBA8$MICROLIB$REQ8$PRES8$EABIv2 0x00000000   Number         0  anon$$obj.o ABSOLUTE
    __ARM_use_no_argv                        0x00000000   Number         0  main.o ABSOLUTE
    __cpp_initialize__aeabi_                  - Undefined Weak Reference
    __cxa_finalize                            - Undefined Weak Reference
    __decompress                              - Undefined Weak Reference
    _clock_init                               - Undefined Weak Reference
    _microlib_exit                            - Undefined Weak Reference
    __Vectors_Size                           0x00000130   Number         0  startup_stm32f103xe.o ABSOLUTE
    __Vectors                                0x08000000   Data           4  startup_stm32f103xe.o(RESET)
    __Vectors_End                            0x08000130   Data           0  startup_stm32f103xe.o(RESET)
    __main                                   0x08000131   Thumb Code     0  entry.o(.ARM.Collect$$$$00000000)
    _main_stk                                0x08000131   Thumb Code     0  entry2.o(.ARM.Collect$$$$00000001)
    _main_scatterload                        0x08000135   Thumb Code     0  entry5.o(.ARM.Collect$$$$00000004)
    __main_after_scatterload                 0x08000139   Thumb Code     0  entry5.o(.ARM.Collect$$$$00000004)
    _main_clock                              0x08000139   Thumb Code     0  entry7b.o(.ARM.Collect$$$$00000008)
    _main_cpp_init                           0x08000139   Thumb Code     0  entry8b.o(.ARM.Collect$$$$0000000A)
    _main_init                               0x08000139   Thumb Code     0  entry9a.o(.ARM.Collect$$$$0000000B)
    __rt_final_cpp                           0x08000141   Thumb Code     0  entry10a.o(.ARM.Collect$$$$0000000D)
    __rt_final_exit                          0x08000141   Thumb Code     0  entry11a.o(.ARM.Collect$$$$0000000F)
    Reset_Handler                            0x08000145   Thumb Code     8  startup_stm32f103xe.o(.text)
    ADC1_2_IRQHandler                        0x0800015f   Thumb Code     0  startup_stm32f103xe.o(.text)
    ADC3_IRQHandler                          0x0800015f   Thumb Code     0  startup_stm32f103xe.o(.text)
    CAN1_RX1_IRQHandler                      0x0800015f   Thumb Code     0  startup_stm32f103xe.o(.text)
    CAN1_SCE_IRQHandler                      0x0800015f   Thumb Code     0  startup_stm32f103xe.o(.text)
    DMA1_Channel1_IRQHandler                 0x0800015f   Thumb Code     0  startup_stm32f103xe.o(.text)
    DMA1_Channel2_IRQHandler                 0x0800015f   Thumb Code     0  startup_stm32f103xe.o(.text)
    DMA1_Channel3_IRQHandler                 0x0800015f   Thumb Code     0  startup_stm32f103xe.o(.text)
    DMA1_Channel4_IRQHandler                 0x0800015f   Thumb Code     0  startup_stm32f103xe.o(.text)
    DMA1_Channel5_IRQHandler                 0x0800015f   Thumb Code     0  startup_stm32f103xe.o(.text)
    DMA1_Channel6_IRQHandler                 0x0800015f   Thumb Code     0  startup_stm32f103xe.o(.text)
    DMA1_Channel7_IRQHandler                 0x0800015f   Thumb Code     0  startup_stm32f103xe.o(.text)
    DMA2_Channel1_IRQHandler                 0x0800015f   Thumb Code     0  startup_stm32f103xe.o(.text)
    DMA2_Channel2_IRQHandler                 0x0800015f   Thumb Code     0  startup_stm32f103xe.o(.text)
    DMA2_Channel3_IRQHandler                 0x0800015f   Thumb Code     0  startup_stm32f103xe.o(.text)
    DMA2_Channel4_5_IRQHandler               0x0800015f   Thumb Code     0  startup_stm32f103xe.o(.text)
    FLASH_IRQHandler                         0x0800015f   Thumb Code     0  startup_stm32f103xe.o(.text)
    FSMC_IRQHandler                          0x0800015f   Thumb Code     0  startup_stm32f103xe.o(.text)
    I2C1_ER_IRQHandler                       0x0800015f   Thumb Code     0  startup_stm32f103xe.o(.text)
    I2C1_EV_IRQHandler                       0x0800015f   Thumb Code     0  startup_stm32f103xe.o(.text)
    I2C2_ER_IRQHandler                       0x0800015f   Thumb Code     0  startup_stm32f103xe.o(.text)
    I2C2_EV_IRQHandler                       0x0800015f   Thumb Code     0  startup_stm32f103xe.o(.text)
    PVD_IRQHandler                           0x0800015f   Thumb Code     0  startup_stm32f103xe.o(.text)
    RCC_IRQHandler                           0x0800015f   Thumb Code     0  startup_stm32f103xe.o(.text)
    RTC_IRQHandler                           0x0800015f   Thumb Code     0  startup_stm32f103xe.o(.text)
    SDIO_IRQHandler                          0x0800015f   Thumb Code     0  startup_stm32f103xe.o(.text)
    SPI1_IRQHandler                          0x0800015f   Thumb Code     0  startup_stm32f103xe.o(.text)
    SPI2_IRQHandler                          0x0800015f   Thumb Code     0  startup_stm32f103xe.o(.text)
    SPI3_IRQHandler                          0x0800015f   Thumb Code     0  startup_stm32f103xe.o(.text)
    TAMPER_IRQHandler                        0x0800015f   Thumb Code     0  startup_stm32f103xe.o(.text)
    TIM1_BRK_IRQHandler                      0x0800015f   Thumb Code     0  startup_stm32f103xe.o(.text)
    TIM1_CC_IRQHandler                       0x0800015f   Thumb Code     0  startup_stm32f103xe.o(.text)
    TIM1_TRG_COM_IRQHandler                  0x0800015f   Thumb Code     0  startup_stm32f103xe.o(.text)
    TIM1_UP_IRQHandler                       0x0800015f   Thumb Code     0  startup_stm32f103xe.o(.text)
    TIM2_IRQHandler                          0x0800015f   Thumb Code     0  startup_stm32f103xe.o(.text)
    TIM3_IRQHandler                          0x0800015f   Thumb Code     0  startup_stm32f103xe.o(.text)
    TIM4_IRQHandler                          0x0800015f   Thumb Code     0  startup_stm32f103xe.o(.text)
    TIM5_IRQHandler                          0x0800015f   Thumb Code     0  startup_stm32f103xe.o(.text)
    TIM6_IRQHandler                          0x0800015f   Thumb Code     0  startup_stm32f103xe.o(.text)
    TIM7_IRQHandler                          0x0800015f   Thumb Code     0  startup_stm32f103xe.o(.text)
    TIM8_BRK_IRQHandler                      0x0800015f   Thumb Code     0  startup_stm32f103xe.o(.text)
    TIM8_CC_IRQHandler                       0x0800015f   Thumb Code     0  startup_stm32f103xe.o(.text)
    TIM8_TRG_COM_IRQHandler                  0x0800015f   Thumb Code     0  startup_stm32f103xe.o(.text)
    TIM8_UP_IRQHandler                       0x0800015f   Thumb Code     0  startup_stm32f103xe.o(.text)
    UART4_IRQHandler                         0x0800015f   Thumb Code     0  startup_stm32f103xe.o(.text)
    UART5_IRQHandler                         0x0800015f   Thumb Code     0  startup_stm32f103xe.o(.text)
    USART1_IRQHandler                        0x0800015f   Thumb Code     0  startup_stm32f103xe.o(.text)
    USART2_IRQHandler                        0x0800015f   Thumb Code     0  startup_stm32f103xe.o(.text)
    USART3_IRQHandler                        0x0800015f   Thumb Code     0  startup_stm32f103xe.o(.text)
    USBWakeUp_IRQHandler                     0x0800015f   Thumb Code     0  startup_stm32f103xe.o(.text)
    USB_HP_CAN1_TX_IRQHandler                0x0800015f   Thumb Code     0  startup_stm32f103xe.o(.text)
    USB_LP_CAN1_RX0_IRQHandler               0x0800015f   Thumb Code     0  startup_stm32f103xe.o(.text)
    WWDG_IRQHandler                          0x0800015f   Thumb Code     0  startup_stm32f103xe.o(.text)
    __aeabi_llsr                             0x08000169   Thumb Code    32  llushr.o(.text)
    _ll_ushift_r                             0x08000169   Thumb Code     0  llushr.o(.text)
    __aeabi_dadd                             0x08000189   Thumb Code   322  dadd.o(.text)
    __aeabi_dsub                             0x080002cb   Thumb Code     6  dadd.o(.text)
    __aeabi_drsub                            0x080002d1   Thumb Code     6  dadd.o(.text)
    __aeabi_dmul                             0x080002d7   Thumb Code   228  dmul.o(.text)
    __aeabi_ui2d                             0x080003bb   Thumb Code    26  dfltui.o(.text)
    __aeabi_d2uiz                            0x080003d5   Thumb Code    50  dfixui.o(.text)
    __aeabi_cdcmpeq                          0x08000409   Thumb Code     0  cdcmple.o(.text)
    __aeabi_cdcmple                          0x08000409   Thumb Code    48  cdcmple.o(.text)
    __aeabi_cdrcmple                         0x08000439   Thumb Code    48  cdrcmple.o(.text)
    __aeabi_llsl                             0x08000469   Thumb Code    30  llshl.o(.text)
    _ll_shift_l                              0x08000469   Thumb Code     0  llshl.o(.text)
    __aeabi_lasr                             0x08000487   Thumb Code    36  llsshr.o(.text)
    _ll_sshift_r                             0x08000487   Thumb Code     0  llsshr.o(.text)
    __I$use$fp                               0x080004ab   Thumb Code     0  iusefp.o(.text)
    _double_round                            0x080004ab   Thumb Code    30  depilogue.o(.text)
    _double_epilogue                         0x080004c9   Thumb Code   156  depilogue.o(.text)
    _drnd                                    0x08000565   Thumb Code   132  drnd.o(.text)
    __scatterload                            0x080005ed   Thumb Code    28  init.o(.text)
    __scatterload_rt2                        0x080005ed   Thumb Code     0  init.o(.text)
    BlockLowPowerDuringTask                  0x08000611   Thumb Code    16  rtc-board.o(i.BlockLowPowerDuringTask)
    BoardInit                                0x08000625   Thumb Code    30  board.o(i.BoardInit)
    BusFault_Handler                         0x08000643   Thumb Code     2  stm32f1xx_it.o(i.BusFault_Handler)
    DebugMon_Handler                         0x08000645   Thumb Code     2  stm32f1xx_it.o(i.DebugMon_Handler)
    EXTI0_IRQHandler                         0x08000647   Thumb Code    16  gpio-board.o(i.EXTI0_IRQHandler)
    EXTI15_10_IRQHandler                     0x08000657   Thumb Code    58  gpio-board.o(i.EXTI15_10_IRQHandler)
    EXTI1_IRQHandler                         0x08000691   Thumb Code    16  gpio-board.o(i.EXTI1_IRQHandler)
    EXTI2_IRQHandler                         0x080006a1   Thumb Code    16  gpio-board.o(i.EXTI2_IRQHandler)
    EXTI3_IRQHandler                         0x080006b1   Thumb Code    16  gpio-board.o(i.EXTI3_IRQHandler)
    EXTI4_IRQHandler                         0x080006c1   Thumb Code    16  gpio-board.o(i.EXTI4_IRQHandler)
    EXTI9_5_IRQHandler                       0x080006d1   Thumb Code    44  gpio-board.o(i.EXTI9_5_IRQHandler)
    GpioInit                                 0x080006fd   Thumb Code    16  gpio.o(i.GpioInit)
    GpioMcuInit                              0x0800070d   Thumb Code   206  gpio-board.o(i.GpioMcuInit)
    GpioMcuToggle                            0x080007f1   Thumb Code    18  gpio-board.o(i.GpioMcuToggle)
    GpioMcuWrite                             0x08000803   Thumb Code    20  gpio-board.o(i.GpioMcuWrite)
    GpioToggle                               0x08000817   Thumb Code     4  gpio.o(i.GpioToggle)
    HAL_Delay                                0x0800081d   Thumb Code    32  stm32f1xx_hal.o(i.HAL_Delay)
    HAL_GPIO_EXTI_Callback                   0x08000841   Thumb Code    30  gpio-board.o(i.HAL_GPIO_EXTI_Callback)
    HAL_GPIO_EXTI_IRQHandler                 0x08000865   Thumb Code    18  stm32f1xx_hal_gpio.o(i.HAL_GPIO_EXTI_IRQHandler)
    HAL_GPIO_Init                            0x0800087d   Thumb Code   446  stm32f1xx_hal_gpio.o(i.HAL_GPIO_Init)
    HAL_GPIO_TogglePin                       0x08000a65   Thumb Code     8  stm32f1xx_hal_gpio.o(i.HAL_GPIO_TogglePin)
    HAL_GPIO_WritePin                        0x08000a6d   Thumb Code    10  stm32f1xx_hal_gpio.o(i.HAL_GPIO_WritePin)
    HAL_GetTick                              0x08000a79   Thumb Code     6  stm32f1xx_hal.o(i.HAL_GetTick)
    HAL_IncTick                              0x08000a85   Thumb Code    12  stm32f1xx_hal.o(i.HAL_IncTick)
    HAL_Init                                 0x08000a95   Thumb Code    32  stm32f1xx_hal.o(i.HAL_Init)
    HAL_InitTick                             0x08000ab9   Thumb Code    54  stm32f1xx_hal.o(i.HAL_InitTick)
    HAL_MspInit                              0x08000af9   Thumb Code   118  stm32f1xx_hal_msp.o(i.HAL_MspInit)
    HAL_NVIC_SetPriority                     0x08000b79   Thumb Code    60  stm32f1xx_hal_cortex.o(i.HAL_NVIC_SetPriority)
    HAL_NVIC_SetPriorityGrouping             0x08000bb9   Thumb Code    26  stm32f1xx_hal_cortex.o(i.HAL_NVIC_SetPriorityGrouping)
    HAL_PWR_EnableBkUpAccess                 0x08000bdd   Thumb Code     8  stm32f1xx_hal_pwr.o(i.HAL_PWR_EnableBkUpAccess)
    HAL_RCCEx_GetPeriphCLKFreq               0x08000be9   Thumb Code   180  stm32f1xx_hal_rcc_ex.o(i.HAL_RCCEx_GetPeriphCLKFreq)
    HAL_RCCEx_PeriphCLKConfig                0x08000cbd   Thumb Code   224  stm32f1xx_hal_rcc_ex.o(i.HAL_RCCEx_PeriphCLKConfig)
    HAL_RCC_CSSCallback                      0x08000da9   Thumb Code     2  stm32f1xx_hal_rcc.o(i.HAL_RCC_CSSCallback)
    HAL_RCC_ClockConfig                      0x08000dad   Thumb Code   322  stm32f1xx_hal_rcc.o(i.HAL_RCC_ClockConfig)
    HAL_RCC_EnableCSS                        0x08000f01   Thumb Code     8  stm32f1xx_hal_rcc.o(i.HAL_RCC_EnableCSS)
    HAL_RCC_GetHCLKFreq                      0x08000f0d   Thumb Code     6  stm32f1xx_hal_rcc.o(i.HAL_RCC_GetHCLKFreq)
    HAL_RCC_GetPCLK1Freq                     0x08000f19   Thumb Code    20  stm32f1xx_hal_rcc.o(i.HAL_RCC_GetPCLK1Freq)
    HAL_RCC_GetPCLK2Freq                     0x08000f39   Thumb Code    20  stm32f1xx_hal_rcc.o(i.HAL_RCC_GetPCLK2Freq)
    HAL_RCC_GetSysClockFreq                  0x08000f59   Thumb Code    74  stm32f1xx_hal_rcc.o(i.HAL_RCC_GetSysClockFreq)
    HAL_RCC_NMI_IRQHandler                   0x08000fc5   Thumb Code    20  stm32f1xx_hal_rcc.o(i.HAL_RCC_NMI_IRQHandler)
    HAL_RCC_OscConfig                        0x08000fdd   Thumb Code   750  stm32f1xx_hal_rcc.o(i.HAL_RCC_OscConfig)
    HAL_RTCEx_BKUPRead                       0x080012e1   Thumb Code    10  stm32f1xx_hal_rtc_ex.o(i.HAL_RTCEx_BKUPRead)
    HAL_RTCEx_BKUPWrite                      0x080012f1   Thumb Code    12  stm32f1xx_hal_rtc_ex.o(i.HAL_RTCEx_BKUPWrite)
    HAL_RTC_AlarmAEventCallback              0x08001301   Thumb Code     2  stm32f1xx_hal_rtc.o(i.HAL_RTC_AlarmAEventCallback)
    HAL_RTC_AlarmIRQHandler                  0x08001305   Thumb Code    46  stm32f1xx_hal_rtc.o(i.HAL_RTC_AlarmIRQHandler)
    HAL_RTC_DeactivateAlarm                  0x08001339   Thumb Code   106  stm32f1xx_hal_rtc.o(i.HAL_RTC_DeactivateAlarm)
    HAL_RTC_GetAlarm                         0x080013a9   Thumb Code   102  stm32f1xx_hal_rtc.o(i.HAL_RTC_GetAlarm)
    HAL_RTC_GetDate                          0x0800140f   Thumb Code    78  stm32f1xx_hal_rtc.o(i.HAL_RTC_GetDate)
    HAL_RTC_GetTime                          0x0800145d   Thumb Code   216  stm32f1xx_hal_rtc.o(i.HAL_RTC_GetTime)
    HAL_RTC_Init                             0x08001535   Thumb Code   154  stm32f1xx_hal_rtc.o(i.HAL_RTC_Init)
    HAL_RTC_MspInit                          0x080015d5   Thumb Code    40  stm32f1xx_hal_msp.o(i.HAL_RTC_MspInit)
    HAL_RTC_SetDate                          0x08001609   Thumb Code   192  stm32f1xx_hal_rtc.o(i.HAL_RTC_SetDate)
    HAL_RTC_SetTime                          0x080016cd   Thumb Code   168  stm32f1xx_hal_rtc.o(i.HAL_RTC_SetTime)
    HAL_RTC_WaitForSynchro                   0x08001779   Thumb Code    58  stm32f1xx_hal_rtc.o(i.HAL_RTC_WaitForSynchro)
    HAL_SPI_Init                             0x080017b3   Thumb Code   130  stm32f1xx_hal_spi_ex.o(i.HAL_SPI_Init)
    HAL_SPI_MspInit                          0x08001835   Thumb Code    74  stm32f1xx_hal_msp.o(i.HAL_SPI_MspInit)
    HAL_SYSTICK_CLKSourceConfig              0x0800188d   Thumb Code    24  stm32f1xx_hal_cortex.o(i.HAL_SYSTICK_CLKSourceConfig)
    HAL_SYSTICK_Callback                     0x080018a5   Thumb Code     2  stm32f1xx_hal_cortex.o(i.HAL_SYSTICK_Callback)
    HAL_SYSTICK_Config                       0x080018a7   Thumb Code    40  stm32f1xx_hal_cortex.o(i.HAL_SYSTICK_Config)
    HAL_SYSTICK_IRQHandler                   0x080018cf   Thumb Code     8  stm32f1xx_hal_cortex.o(i.HAL_SYSTICK_IRQHandler)
    HAL_UART_Init                            0x080018d7   Thumb Code    98  stm32f1xx_hal_uart.o(i.HAL_UART_Init)
    HAL_UART_MspInit                         0x08001939   Thumb Code    76  stm32f1xx_hal_msp.o(i.HAL_UART_MspInit)
    HardFault_Handler                        0x08001991   Thumb Code     2  stm32f1xx_it.o(i.HardFault_Handler)
    MX_GPIO_Init                             0x08001995   Thumb Code   126  board.o(i.MX_GPIO_Init)
    MX_RTC_Init                              0x08001a21   Thumb Code   136  board.o(i.MX_RTC_Init)
    MX_SPI1_Init                             0x08001ac5   Thumb Code    64  board.o(i.MX_SPI1_Init)
    MX_UART4_Init                            0x08001b21   Thumb Code    52  board.o(i.MX_UART4_Init)
    MemManage_Handler                        0x08001b71   Thumb Code     2  stm32f1xx_it.o(i.MemManage_Handler)
    NMI_Handler                              0x08001b73   Thumb Code     4  stm32f1xx_it.o(i.NMI_Handler)
    PendSV_Handler                           0x08001b97   Thumb Code     2  stm32f1xx_it.o(i.PendSV_Handler)
    RTC_Alarm_IRQHandler                     0x08001b99   Thumb Code    38  rtc-board.o(i.RTC_Alarm_IRQHandler)
    RtcGetAdjustedTimeoutValue               0x08001fa1   Thumb Code    44  rtc-board.o(i.RtcGetAdjustedTimeoutValue)
    RtcGetElapsedAlarmTime                   0x0800202d   Thumb Code    30  rtc-board.o(i.RtcGetElapsedAlarmTime)
    RtcRecoverMcuStatus                      0x08002051   Thumb Code    52  rtc-board.o(i.RtcRecoverMcuStatus)
    RtcSetTimeout                            0x08002091   Thumb Code     2  rtc-board.o(i.RtcSetTimeout)
    SVC_Handler                              0x08002093   Thumb Code     2  stm32f1xx_it.o(i.SVC_Handler)
    SysTick_Handler                          0x08002095   Thumb Code    14  stm32f1xx_it.o(i.SysTick_Handler)
    SystemClock_Config                       0x080020a5   Thumb Code   144  board.o(i.SystemClock_Config)
    SystemInit                               0x08002149   Thumb Code    56  system_stm32f1xx.o(i.SystemInit)
    TimerIrqHandler                          0x08002191   Thumb Code    78  timer.o(i.TimerIrqHandler)
    UsageFault_Handler                       0x08002375   Thumb Code     2  stm32f1xx_it.o(i.UsageFault_Handler)
    _Error_Handler                           0x08002377   Thumb Code     2  main.o(i._Error_Handler)
    __scatterload_copy                       0x08002379   Thumb Code    14  handlers.o(i.__scatterload_copy)
    __scatterload_null                       0x08002387   Thumb Code     2  handlers.o(i.__scatterload_null)
    __scatterload_zeroinit                   0x08002389   Thumb Code    14  handlers.o(i.__scatterload_zeroinit)
    ceil                                     0x08002399   Thumb Code   204  ceil.o(i.ceil)
    main                                     0x08002475   Thumb Code    44  main.o(i.main)
    round                                    0x080024a1   Thumb Code   136  round.o(i.round)
    AHBPrescTable                            0x0800254c   Data          16  system_stm32f1xx.o(.constdata)
    APBPrescTable                            0x0800255c   Data           8  system_stm32f1xx.o(.constdata)
    Region$$Table$$Base                      0x08002564   Number         0  anon$$obj.o(Region$$Table)
    Region$$Table$$Limit                     0x08002584   Number         0  anon$$obj.o(Region$$Table)
    uwTickFreq                               0x20000000   Data           1  stm32f1xx_hal.o(.data)
    uwTickPrio                               0x20000004   Data           4  stm32f1xx_hal.o(.data)
    uwTick                                   0x20000008   Data           4  stm32f1xx_hal.o(.data)
    NonScheduledWakeUp                       0x2000000d   Data           1  rtc-board.o(.data)
    McuWakeUpTime                            0x20000018   Data           4  rtc-board.o(.data)
    HasLoopedThroughMain                     0x2000001c   Data           1  timer.o(.data)
    SystemCoreClock                          0x20000024   Data           4  system_stm32f1xx.o(.data)
    RtcHandle                                0x200000d4   Data          20  rtc-board.o(.bss)
    RtcCalendarContext                       0x200000e8   Data          10  rtc-board.o(.bss)
    __initial_sp                             0x20000538   Data           0  startup_stm32f103xe.o(STACK)



==============================================================================

Memory Map of the image

  Image Entry point : 0x08000131

  Load Region LR_IROM1 (Base: 0x08000000, Size: 0x000025ac, Max: 0x00040000, ABSOLUTE)

    Execution Region ER_IROM1 (Exec base: 0x08000000, Load base: 0x08000000, Size: 0x00002584, Max: 0x00040000, ABSOLUTE)

    Exec Addr    Load Addr    Size         Type   Attr      Idx    E Section Name        Object

    0x08000000   0x08000000   0x00000130   Data   RO            3    RESET               startup_stm32f103xe.o
    0x08000130   0x08000130   0x00000000   Code   RO         5731  * .ARM.Collect$$$$00000000  mc_w.l(entry.o)
    0x08000130   0x08000130   0x00000004   Code   RO         5778    .ARM.Collect$$$$00000001  mc_w.l(entry2.o)
    0x08000134   0x08000134   0x00000004   Code   RO         5781    .ARM.Collect$$$$00000004  mc_w.l(entry5.o)
    0x08000138   0x08000138   0x00000000   Code   RO         5783    .ARM.Collect$$$$00000008  mc_w.l(entry7b.o)
    0x08000138   0x08000138   0x00000000   Code   RO         5785    .ARM.Collect$$$$0000000A  mc_w.l(entry8b.o)
    0x08000138   0x08000138   0x00000008   Code   RO         5786    .ARM.Collect$$$$0000000B  mc_w.l(entry9a.o)
    0x08000140   0x08000140   0x00000000   Code   RO         5788    .ARM.Collect$$$$0000000D  mc_w.l(entry10a.o)
    0x08000140   0x08000140   0x00000000   Code   RO         5790    .ARM.Collect$$$$0000000F  mc_w.l(entry11a.o)
    0x08000140   0x08000140   0x00000004   Code   RO         5779    .ARM.Collect$$$$00002712  mc_w.l(entry2.o)
    0x08000144   0x08000144   0x00000024   Code   RO            4    .text               startup_stm32f103xe.o
    0x08000168   0x08000168   0x00000020   Code   RO         5734    .text               mc_w.l(llushr.o)
    0x08000188   0x08000188   0x0000014e   Code   RO         5748    .text               mf_w.l(dadd.o)
    0x080002d6   0x080002d6   0x000000e4   Code   RO         5750    .text               mf_w.l(dmul.o)
    0x080003ba   0x080003ba   0x0000001a   Code   RO         5762    .text               mf_w.l(dfltui.o)
    0x080003d4   0x080003d4   0x00000032   Code   RO         5768    .text               mf_w.l(dfixui.o)
    0x08000406   0x08000406   0x00000002   PAD
    0x08000408   0x08000408   0x00000030   Code   RO         5772    .text               mf_w.l(cdcmple.o)
    0x08000438   0x08000438   0x00000030   Code   RO         5774    .text               mf_w.l(cdrcmple.o)
    0x08000468   0x08000468   0x0000001e   Code   RO         5792    .text               mc_w.l(llshl.o)
    0x08000486   0x08000486   0x00000024   Code   RO         5794    .text               mc_w.l(llsshr.o)
    0x080004aa   0x080004aa   0x00000000   Code   RO         5796    .text               mc_w.l(iusefp.o)
    0x080004aa   0x080004aa   0x000000ba   Code   RO         5799    .text               mf_w.l(depilogue.o)
    0x08000564   0x08000564   0x00000088   Code   RO         5801    .text               mf_w.l(drnd.o)
    0x080005ec   0x080005ec   0x00000024   Code   RO         5803    .text               mc_w.l(init.o)
    0x08000610   0x08000610   0x00000014   Code   RO         2485    i.BlockLowPowerDuringTask  rtc-board.o
    0x08000624   0x08000624   0x0000001e   Code   RO         2426    i.BoardInit         board.o
    0x08000642   0x08000642   0x00000002   Code   RO         3186    i.BusFault_Handler  stm32f1xx_it.o
    0x08000644   0x08000644   0x00000002   Code   RO         3187    i.DebugMon_Handler  stm32f1xx_it.o
    0x08000646   0x08000646   0x00000010   Code   RO         2888    i.EXTI0_IRQHandler  gpio-board.o
    0x08000656   0x08000656   0x0000003a   Code   RO         2889    i.EXTI15_10_IRQHandler  gpio-board.o
    0x08000690   0x08000690   0x00000010   Code   RO         2890    i.EXTI1_IRQHandler  gpio-board.o
    0x080006a0   0x080006a0   0x00000010   Code   RO         2891    i.EXTI2_IRQHandler  gpio-board.o
    0x080006b0   0x080006b0   0x00000010   Code   RO         2892    i.EXTI3_IRQHandler  gpio-board.o
    0x080006c0   0x080006c0   0x00000010   Code   RO         2893    i.EXTI4_IRQHandler  gpio-board.o
    0x080006d0   0x080006d0   0x0000002c   Code   RO         2894    i.EXTI9_5_IRQHandler  gpio-board.o
    0x080006fc   0x080006fc   0x00000010   Code   RO         3093    i.GpioInit          gpio.o
    0x0800070c   0x0800070c   0x000000e4   Code   RO         2895    i.GpioMcuInit       gpio-board.o
    0x080007f0   0x080007f0   0x00000012   Code   RO         2899    i.GpioMcuToggle     gpio-board.o
    0x08000802   0x08000802   0x00000014   Code   RO         2900    i.GpioMcuWrite      gpio-board.o
    0x08000816   0x08000816   0x00000004   Code   RO         3097    i.GpioToggle        gpio.o
    0x0800081a   0x0800081a   0x00000002   PAD
    0x0800081c   0x0800081c   0x00000024   Code   RO          790    i.HAL_Delay         stm32f1xx_hal.o
    0x08000840   0x08000840   0x00000024   Code   RO         2901    i.HAL_GPIO_EXTI_Callback  gpio-board.o
    0x08000864   0x08000864   0x00000018   Code   RO         1414    i.HAL_GPIO_EXTI_IRQHandler  stm32f1xx_hal_gpio.o
    0x0800087c   0x0800087c   0x000001e8   Code   RO         1415    i.HAL_GPIO_Init     stm32f1xx_hal_gpio.o
    0x08000a64   0x08000a64   0x00000008   Code   RO         1418    i.HAL_GPIO_TogglePin  stm32f1xx_hal_gpio.o
    0x08000a6c   0x08000a6c   0x0000000a   Code   RO         1419    i.HAL_GPIO_WritePin  stm32f1xx_hal_gpio.o
    0x08000a76   0x08000a76   0x00000002   PAD
    0x08000a78   0x08000a78   0x0000000c   Code   RO          794    i.HAL_GetTick       stm32f1xx_hal.o
    0x08000a84   0x08000a84   0x00000010   Code   RO          798    i.HAL_IncTick       stm32f1xx_hal.o
    0x08000a94   0x08000a94   0x00000024   Code   RO          799    i.HAL_Init          stm32f1xx_hal.o
    0x08000ab8   0x08000ab8   0x00000040   Code   RO          800    i.HAL_InitTick      stm32f1xx_hal.o
    0x08000af8   0x08000af8   0x00000080   Code   RO         3261    i.HAL_MspInit       stm32f1xx_hal_msp.o
    0x08000b78   0x08000b78   0x00000040   Code   RO         1894    i.HAL_NVIC_SetPriority  stm32f1xx_hal_cortex.o
    0x08000bb8   0x08000bb8   0x00000024   Code   RO         1895    i.HAL_NVIC_SetPriorityGrouping  stm32f1xx_hal_cortex.o
    0x08000bdc   0x08000bdc   0x0000000c   Code   RO         1768    i.HAL_PWR_EnableBkUpAccess  stm32f1xx_hal_pwr.o
    0x08000be8   0x08000be8   0x000000d4   Code   RO         1137    i.HAL_RCCEx_GetPeriphCLKFreq  stm32f1xx_hal_rcc_ex.o
    0x08000cbc   0x08000cbc   0x000000ec   Code   RO         1138    i.HAL_RCCEx_PeriphCLKConfig  stm32f1xx_hal_rcc_ex.o
    0x08000da8   0x08000da8   0x00000002   Code   RO         1274    i.HAL_RCC_CSSCallback  stm32f1xx_hal_rcc.o
    0x08000daa   0x08000daa   0x00000002   PAD
    0x08000dac   0x08000dac   0x00000154   Code   RO         1275    i.HAL_RCC_ClockConfig  stm32f1xx_hal_rcc.o
    0x08000f00   0x08000f00   0x0000000c   Code   RO         1278    i.HAL_RCC_EnableCSS  stm32f1xx_hal_rcc.o
    0x08000f0c   0x08000f0c   0x0000000c   Code   RO         1280    i.HAL_RCC_GetHCLKFreq  stm32f1xx_hal_rcc.o
    0x08000f18   0x08000f18   0x00000020   Code   RO         1282    i.HAL_RCC_GetPCLK1Freq  stm32f1xx_hal_rcc.o
    0x08000f38   0x08000f38   0x00000020   Code   RO         1283    i.HAL_RCC_GetPCLK2Freq  stm32f1xx_hal_rcc.o
    0x08000f58   0x08000f58   0x0000006c   Code   RO         1284    i.HAL_RCC_GetSysClockFreq  stm32f1xx_hal_rcc.o
    0x08000fc4   0x08000fc4   0x00000018   Code   RO         1286    i.HAL_RCC_NMI_IRQHandler  stm32f1xx_hal_rcc.o
    0x08000fdc   0x08000fdc   0x00000304   Code   RO         1287    i.HAL_RCC_OscConfig  stm32f1xx_hal_rcc.o
    0x080012e0   0x080012e0   0x00000010   Code   RO         1172    i.HAL_RTCEx_BKUPRead  stm32f1xx_hal_rtc_ex.o
    0x080012f0   0x080012f0   0x00000010   Code   RO         1173    i.HAL_RTCEx_BKUPWrite  stm32f1xx_hal_rtc_ex.o
    0x08001300   0x08001300   0x00000002   Code   RO          942    i.HAL_RTC_AlarmAEventCallback  stm32f1xx_hal_rtc.o
    0x08001302   0x08001302   0x00000002   PAD
    0x08001304   0x08001304   0x00000034   Code   RO          943    i.HAL_RTC_AlarmIRQHandler  stm32f1xx_hal_rtc.o
    0x08001338   0x08001338   0x00000070   Code   RO          945    i.HAL_RTC_DeactivateAlarm  stm32f1xx_hal_rtc.o
    0x080013a8   0x080013a8   0x00000066   Code   RO          946    i.HAL_RTC_GetAlarm  stm32f1xx_hal_rtc.o
    0x0800140e   0x0800140e   0x0000004e   Code   RO          947    i.HAL_RTC_GetDate   stm32f1xx_hal_rtc.o
    0x0800145c   0x0800145c   0x000000d8   Code   RO          949    i.HAL_RTC_GetTime   stm32f1xx_hal_rtc.o
    0x08001534   0x08001534   0x000000a0   Code   RO          950    i.HAL_RTC_Init      stm32f1xx_hal_rtc.o
    0x080015d4   0x080015d4   0x00000034   Code   RO         3263    i.HAL_RTC_MspInit   stm32f1xx_hal_msp.o
    0x08001608   0x08001608   0x000000c4   Code   RO          956    i.HAL_RTC_SetDate   stm32f1xx_hal_rtc.o
    0x080016cc   0x080016cc   0x000000ac   Code   RO          957    i.HAL_RTC_SetTime   stm32f1xx_hal_rtc.o
    0x08001778   0x08001778   0x0000003a   Code   RO          958    i.HAL_RTC_WaitForSynchro  stm32f1xx_hal_rtc.o
    0x080017b2   0x080017b2   0x00000082   Code   RO         1112    i.HAL_SPI_Init      stm32f1xx_hal_spi_ex.o
    0x08001834   0x08001834   0x00000058   Code   RO         3265    i.HAL_SPI_MspInit   stm32f1xx_hal_msp.o
    0x0800188c   0x0800188c   0x00000018   Code   RO         1897    i.HAL_SYSTICK_CLKSourceConfig  stm32f1xx_hal_cortex.o
    0x080018a4   0x080018a4   0x00000002   Code   RO         1898    i.HAL_SYSTICK_Callback  stm32f1xx_hal_cortex.o
    0x080018a6   0x080018a6   0x00000028   Code   RO         1899    i.HAL_SYSTICK_Config  stm32f1xx_hal_cortex.o
    0x080018ce   0x080018ce   0x00000008   Code   RO         1900    i.HAL_SYSTICK_IRQHandler  stm32f1xx_hal_cortex.o
    0x080018d6   0x080018d6   0x00000062   Code   RO          446    i.HAL_UART_Init     stm32f1xx_hal_uart.o
    0x08001938   0x08001938   0x00000058   Code   RO         3267    i.HAL_UART_MspInit  stm32f1xx_hal_msp.o
    0x08001990   0x08001990   0x00000002   Code   RO         3188    i.HardFault_Handler  stm32f1xx_it.o
    0x08001992   0x08001992   0x00000002   PAD
    0x08001994   0x08001994   0x0000008c   Code   RO         2427    i.MX_GPIO_Init      board.o
    0x08001a20   0x08001a20   0x000000a4   Code   RO         2428    i.MX_RTC_Init       board.o
    0x08001ac4   0x08001ac4   0x0000005c   Code   RO         2429    i.MX_SPI1_Init      board.o
    0x08001b20   0x08001b20   0x00000050   Code   RO         2430    i.MX_UART4_Init     board.o
    0x08001b70   0x08001b70   0x00000002   Code   RO         3189    i.MemManage_Handler  stm32f1xx_it.o
    0x08001b72   0x08001b72   0x00000004   Code   RO         3190    i.NMI_Handler       stm32f1xx_it.o
    0x08001b76   0x08001b76   0x00000020   Code   RO         1901    i.NVIC_SetPriority  stm32f1xx_hal_cortex.o
    0x08001b96   0x08001b96   0x00000002   Code   RO         3191    i.PendSV_Handler    stm32f1xx_it.o
    0x08001b98   0x08001b98   0x0000002c   Code   RO         2486    i.RTC_Alarm_IRQHandler  rtc-board.o
    0x08001bc4   0x08001bc4   0x00000012   Code   RO          959    i.RTC_Bcd2ToByte    stm32f1xx_hal_rtc.o
    0x08001bd6   0x08001bd6   0x00000016   Code   RO          960    i.RTC_ByteToBcd2    stm32f1xx_hal_rtc.o
    0x08001bec   0x08001bec   0x000000ae   Code   RO          961    i.RTC_DateUpdate    stm32f1xx_hal_rtc.o
    0x08001c9a   0x08001c9a   0x00000034   Code   RO          962    i.RTC_EnterInitMode  stm32f1xx_hal_rtc.o
    0x08001cce   0x08001cce   0x00000002   PAD
    0x08001cd0   0x08001cd0   0x00000036   Code   RO          963    i.RTC_ExitInitMode  stm32f1xx_hal_rtc.o
    0x08001d06   0x08001d06   0x0000000e   Code   RO          964    i.RTC_ReadAlarmCounter  stm32f1xx_hal_rtc.o
    0x08001d14   0x08001d14   0x00000020   Code   RO          965    i.RTC_ReadTimeCounter  stm32f1xx_hal_rtc.o
    0x08001d34   0x08001d34   0x00000056   Code   RO          966    i.RTC_WeekDayNum    stm32f1xx_hal_rtc.o
    0x08001d8a   0x08001d8a   0x00000028   Code   RO          967    i.RTC_WriteAlarmCounter  stm32f1xx_hal_rtc.o
    0x08001db2   0x08001db2   0x00000028   Code   RO          968    i.RTC_WriteTimeCounter  stm32f1xx_hal_rtc.o
    0x08001dda   0x08001dda   0x00000002   PAD
    0x08001ddc   0x08001ddc   0x0000008c   Code   RO         2489    i.RtcComputeWakeUpTime  rtc-board.o
    0x08001e68   0x08001e68   0x00000138   Code   RO         2490    i.RtcConvertCalendarTickToTimerTime  rtc-board.o
    0x08001fa0   0x08001fa0   0x00000030   Code   RO         2493    i.RtcGetAdjustedTimeoutValue  rtc-board.o
    0x08001fd0   0x08001fd0   0x0000005c   Code   RO         2494    i.RtcGetCalendar    rtc-board.o
    0x0800202c   0x0800202c   0x00000024   Code   RO         2495    i.RtcGetElapsedAlarmTime  rtc-board.o
    0x08002050   0x08002050   0x00000040   Code   RO         2499    i.RtcRecoverMcuStatus  rtc-board.o
    0x08002090   0x08002090   0x00000002   Code   RO         2500    i.RtcSetTimeout     rtc-board.o
    0x08002092   0x08002092   0x00000002   Code   RO         3192    i.SVC_Handler       stm32f1xx_it.o
    0x08002094   0x08002094   0x0000000e   Code   RO         3193    i.SysTick_Handler   stm32f1xx_it.o
    0x080020a2   0x080020a2   0x00000002   PAD
    0x080020a4   0x080020a4   0x000000a4   Code   RO         2431    i.SystemClock_Config  board.o
    0x08002148   0x08002148   0x00000048   Code   RO         3322    i.SystemInit        system_stm32f1xx.o
    0x08002190   0x08002190   0x00000054   Code   RO         2725    i.TimerIrqHandler   timer.o
    0x080021e4   0x080021e4   0x00000020   Code   RO         2728    i.TimerSetTimeout   timer.o
    0x08002204   0x08002204   0x00000170   Code   RO          472    i.UART_SetConfig    stm32f1xx_hal_uart.o
    0x08002374   0x08002374   0x00000002   Code   RO         3194    i.UsageFault_Handler  stm32f1xx_it.o
    0x08002376   0x08002376   0x00000002   Code   RO         3147    i._Error_Handler    main.o
    0x08002378   0x08002378   0x0000000e   Code   RO         5807    i.__scatterload_copy  mc_w.l(handlers.o)
    0x08002386   0x08002386   0x00000002   Code   RO         5808    i.__scatterload_null  mc_w.l(handlers.o)
    0x08002388   0x08002388   0x0000000e   Code   RO         5809    i.__scatterload_zeroinit  mc_w.l(handlers.o)
    0x08002396   0x08002396   0x00000002   PAD
    0x08002398   0x08002398   0x000000dc   Code   RO         5722    i.ceil              m_ws.l(ceil.o)
    0x08002474   0x08002474   0x0000002c   Code   RO         3148    i.main              main.o
    0x080024a0   0x080024a0   0x00000094   Code   RO         5729    i.round             m_ws.l(round.o)
    0x08002534   0x08002534   0x00000018   Data   RO         2502    .constdata          rtc-board.o
    0x0800254c   0x0800254c   0x00000010   Data   RO         3323    .constdata          system_stm32f1xx.o
    0x0800255c   0x0800255c   0x00000008   Data   RO         3324    .constdata          system_stm32f1xx.o
    0x08002564   0x08002564   0x00000020   Data   RO         5805    Region$$Table       anon$$obj.o


    Execution Region RW_IRAM1 (Exec base: 0x20000000, Load base: 0x08002584, Size: 0x00000538, Max: 0x0000c000, ABSOLUTE)

    Exec Addr    Load Addr    Size         Type   Attr      Idx    E Section Name        Object

    0x20000000   0x08002584   0x0000000c   Data   RW          806    .data               stm32f1xx_hal.o
    0x2000000c   0x08002590   0x00000010   Data   RW         2503    .data               rtc-board.o
    0x2000001c   0x080025a0   0x00000008   Data   RW         2732    .data               timer.o
    0x20000024   0x080025a8   0x00000004   Data   RW         3325    .data               system_stm32f1xx.o
    0x20000028        -       0x000000ac   Zero   RW         2432    .bss                board.o
    0x200000d4        -       0x0000001e   Zero   RW         2501    .bss                rtc-board.o
    0x200000f2   0x080025ac   0x00000002   PAD
    0x200000f4        -       0x00000040   Zero   RW         2902    .bss                gpio-board.o
    0x20000134   0x080025ac   0x00000004   PAD
    0x20000138        -       0x00000400   Zero   RW            1    STACK               startup_stm32f103xe.o


==============================================================================

Image component sizes


      Code (inc. data)   RO Data    RW Data    ZI Data      Debug   Object Name

       670        118          0          0        172       3709   board.o
       484         28          0          0         64       6337   gpio-board.o
        20          0          0          0          0       2668   gpio.o
        46          0          0          0          0       2752   main.o
       758         74         24         16         30       7502   rtc-board.o
         0          0          0          0          0       1476   spi-board.o
        36          8        304          0       1024        780   startup_stm32f103xe.o
       164         28          0         12          0       3693   stm32f1xx_hal.o
       206         14          0          0          0      26588   stm32f1xx_hal_cortex.o
       530         48          0          0          0       3952   stm32f1xx_hal_gpio.o
       356         48          0          0          0       2625   stm32f1xx_hal_msp.o
        12          4          0          0          0        491   stm32f1xx_hal_pwr.o
      1334        112          0          0          0       6979   stm32f1xx_hal_rcc.o
       448         44          0          0          0       2505   stm32f1xx_hal_rcc_ex.o
      1680         26          0          0          0      14989   stm32f1xx_hal_rtc.o
        32         10          0          0          0       1575   stm32f1xx_hal_rtc_ex.o
         0          0          0          0          0     466080   stm32f1xx_hal_spi.o
       130          0          0          0          0       1023   stm32f1xx_hal_spi_ex.o
       466          4          0          0          0       1840   stm32f1xx_hal_uart.o
        32          0          0          0          0       3646   stm32f1xx_it.o
        72         16         24          4          0       1099   system_stm32f1xx.o
       116         12          0          8          0       2709   timer.o

    ----------------------------------------------------------------------
      7608        594        384         40       1296     565018   Object Totals
         0          0         32          0          0          0   (incl. Generated)
        16          0          0          0          6          0   (incl. Padding)

    ----------------------------------------------------------------------

      Code (inc. data)   RO Data    RW Data    ZI Data      Debug   Library Member Name

       220         16          0          0          0         84   ceil.o
       148         12          0          0          0         88   round.o
         0          0          0          0          0          0   entry.o
         0          0          0          0          0          0   entry10a.o
         0          0          0          0          0          0   entry11a.o
         8          4          0          0          0          0   entry2.o
         4          0          0          0          0          0   entry5.o
         0          0          0          0          0          0   entry7b.o
         0          0          0          0          0          0   entry8b.o
         8          4          0          0          0          0   entry9a.o
        30          0          0          0          0          0   handlers.o
        36          8          0          0          0         68   init.o
         0          0          0          0          0          0   iusefp.o
        30          0          0          0          0         68   llshl.o
        36          0          0          0          0         68   llsshr.o
        32          0          0          0          0         68   llushr.o
        48          0          0          0          0         68   cdcmple.o
        48          0          0          0          0         68   cdrcmple.o
       334          0          0          0          0        148   dadd.o
       186          0          0          0          0        176   depilogue.o
        50          0          0          0          0         76   dfixui.o
        26          0          0          0          0         76   dfltui.o
       228          0          0          0          0         96   dmul.o
       136          4          0          0          0         92   drnd.o

    ----------------------------------------------------------------------
      1612         48          0          0          0       1244   Library Totals
         4          0          0          0          0          0   (incl. Padding)

    ----------------------------------------------------------------------

      Code (inc. data)   RO Data    RW Data    ZI Data      Debug   Library Name

       368         28          0          0          0        172   m_ws.l
       184         16          0          0          0        272   mc_w.l
      1056          4          0          0          0        800   mf_w.l

    ----------------------------------------------------------------------
      1612         48          0          0          0       1244   Library Totals

    ----------------------------------------------------------------------

==============================================================================


      Code (inc. data)   RO Data    RW Data    ZI Data      Debug   

      9220        642        384         40       1296     560850   Grand Totals
      9220        642        384         40       1296     560850   ELF Image Totals
      9220        642        384         40          0          0   ROM Totals

==============================================================================

    Total RO  Size (Code + RO Data)                 9604 (   9.38kB)
    Total RW  Size (RW Data + ZI Data)              1336 (   1.30kB)
    Total ROM Size (Code + RO Data + RW Data)       9644 (   9.42kB)

==============================================================================

